Component: ARM Compiler 5.06 update 6 (build 750) Tool: armlink [4d35ed]

==============================================================================

Section Cross References

    system_stm32f10x.o(i.SetSysClock) refers to system_stm32f10x.o(i.SetSysClockTo72) for SetSysClockTo72
    system_stm32f10x.o(i.SystemCoreClockUpdate) refers to system_stm32f10x.o(.data) for SystemCoreClock
    system_stm32f10x.o(i.SystemInit) refers to system_stm32f10x.o(i.SetSysClock) for SetSysClock
    stm32f10x_gpio.o(i.GPIO_AFIODeInit) refers to stm32f10x_rcc.o(i.RCC_APB2PeriphResetCmd) for RCC_APB2PeriphResetCmd
    stm32f10x_gpio.o(i.GPIO_DeInit) refers to stm32f10x_rcc.o(i.RCC_APB2PeriphResetCmd) for RCC_APB2PeriphResetCmd
    stm32f10x_rcc.o(i.RCC_GetClocksFreq) refers to stm32f10x_rcc.o(.data) for APBAHBPrescTable
    stm32f10x_rcc.o(i.RCC_WaitForHSEStartUp) refers to stm32f10x_rcc.o(i.RCC_GetFlagStatus) for RCC_GetFlagStatus
    stm32f10x_usart.o(i.USART_DeInit) refers to stm32f10x_rcc.o(i.RCC_APB2PeriphResetCmd) for RCC_APB2PeriphResetCmd
    stm32f10x_usart.o(i.USART_DeInit) refers to stm32f10x_rcc.o(i.RCC_APB1PeriphResetCmd) for RCC_APB1PeriphResetCmd
    stm32f10x_usart.o(i.USART_Init) refers to stm32f10x_rcc.o(i.RCC_GetClocksFreq) for RCC_GetClocksFreq
    stm32f10x_bkp.o(i.BKP_DeInit) refers to stm32f10x_rcc.o(i.RCC_BackupResetCmd) for RCC_BackupResetCmd
    stm32f10x_pwr.o(i.PWR_DeInit) refers to stm32f10x_rcc.o(i.RCC_APB1PeriphResetCmd) for RCC_APB1PeriphResetCmd
    stm32f10x_rtc.o(i.RTC_SetAlarm) refers to stm32f10x_rtc.o(i.RTC_EnterConfigMode) for RTC_EnterConfigMode
    stm32f10x_rtc.o(i.RTC_SetAlarm) refers to stm32f10x_rtc.o(i.RTC_ExitConfigMode) for RTC_ExitConfigMode
    stm32f10x_rtc.o(i.RTC_SetCounter) refers to stm32f10x_rtc.o(i.RTC_EnterConfigMode) for RTC_EnterConfigMode
    stm32f10x_rtc.o(i.RTC_SetCounter) refers to stm32f10x_rtc.o(i.RTC_ExitConfigMode) for RTC_ExitConfigMode
    stm32f10x_rtc.o(i.RTC_SetPrescaler) refers to stm32f10x_rtc.o(i.RTC_EnterConfigMode) for RTC_EnterConfigMode
    stm32f10x_rtc.o(i.RTC_SetPrescaler) refers to stm32f10x_rtc.o(i.RTC_ExitConfigMode) for RTC_ExitConfigMode
    stm32f10x_flash.o(i.FLASH_EnableWriteProtection) refers to stm32f10x_flash.o(i.FLASH_WaitForLastOperation) for FLASH_WaitForLastOperation
    stm32f10x_flash.o(i.FLASH_EraseAllBank1Pages) refers to stm32f10x_flash.o(i.FLASH_WaitForLastBank1Operation) for FLASH_WaitForLastBank1Operation
    stm32f10x_flash.o(i.FLASH_EraseAllPages) refers to stm32f10x_flash.o(i.FLASH_WaitForLastOperation) for FLASH_WaitForLastOperation
    stm32f10x_flash.o(i.FLASH_EraseOptionBytes) refers to stm32f10x_flash.o(i.FLASH_GetReadOutProtectionStatus) for FLASH_GetReadOutProtectionStatus
    stm32f10x_flash.o(i.FLASH_EraseOptionBytes) refers to stm32f10x_flash.o(i.FLASH_WaitForLastOperation) for FLASH_WaitForLastOperation
    stm32f10x_flash.o(i.FLASH_ErasePage) refers to stm32f10x_flash.o(i.FLASH_WaitForLastOperation) for FLASH_WaitForLastOperation
    stm32f10x_flash.o(i.FLASH_ProgramHalfWord) refers to stm32f10x_flash.o(i.FLASH_WaitForLastOperation) for FLASH_WaitForLastOperation
    stm32f10x_flash.o(i.FLASH_ProgramOptionByteData) refers to stm32f10x_flash.o(i.FLASH_WaitForLastOperation) for FLASH_WaitForLastOperation
    stm32f10x_flash.o(i.FLASH_ProgramWord) refers to stm32f10x_flash.o(i.FLASH_WaitForLastOperation) for FLASH_WaitForLastOperation
    stm32f10x_flash.o(i.FLASH_ReadOutProtection) refers to stm32f10x_flash.o(i.FLASH_WaitForLastOperation) for FLASH_WaitForLastOperation
    stm32f10x_flash.o(i.FLASH_UserOptionByteConfig) refers to stm32f10x_flash.o(i.FLASH_WaitForLastOperation) for FLASH_WaitForLastOperation
    stm32f10x_flash.o(i.FLASH_WaitForLastBank1Operation) refers to stm32f10x_flash.o(i.FLASH_GetBank1Status) for FLASH_GetBank1Status
    stm32f10x_flash.o(i.FLASH_WaitForLastOperation) refers to stm32f10x_flash.o(i.FLASH_GetBank1Status) for FLASH_GetBank1Status
    stm32f10x_i2c.o(i.I2C_DeInit) refers to stm32f10x_rcc.o(i.RCC_APB1PeriphResetCmd) for RCC_APB1PeriphResetCmd
    stm32f10x_i2c.o(i.I2C_Init) refers to stm32f10x_rcc.o(i.RCC_GetClocksFreq) for RCC_GetClocksFreq
    stm32f10x_adc.o(i.ADC_DeInit) refers to stm32f10x_rcc.o(i.RCC_APB2PeriphResetCmd) for RCC_APB2PeriphResetCmd
    stm32f10x_tim.o(i.TIM_DeInit) refers to stm32f10x_rcc.o(i.RCC_APB2PeriphResetCmd) for RCC_APB2PeriphResetCmd
    stm32f10x_tim.o(i.TIM_DeInit) refers to stm32f10x_rcc.o(i.RCC_APB1PeriphResetCmd) for RCC_APB1PeriphResetCmd
    stm32f10x_tim.o(i.TIM_ETRClockMode1Config) refers to stm32f10x_tim.o(i.TIM_ETRConfig) for TIM_ETRConfig
    stm32f10x_tim.o(i.TIM_ETRClockMode2Config) refers to stm32f10x_tim.o(i.TIM_ETRConfig) for TIM_ETRConfig
    stm32f10x_tim.o(i.TIM_ICInit) refers to stm32f10x_tim.o(i.TI1_Config) for TI1_Config
    stm32f10x_tim.o(i.TIM_ICInit) refers to stm32f10x_tim.o(i.TIM_SetIC1Prescaler) for TIM_SetIC1Prescaler
[...]
    Removing stm32f10x_usart.o(i.USART_HalfDuplexCmd), (24 bytes).
    Removing stm32f10x_usart.o(i.USART_ITConfig), (74 bytes).
    Removing stm32f10x_usart.o(i.USART_Init), (216 bytes).
    Removing stm32f10x_usart.o(i.USART_IrDACmd), (24 bytes).
    Removing stm32f10x_usart.o(i.USART_IrDAConfig), (18 bytes).
    Removing stm32f10x_usart.o(i.USART_LINBreakDetectLengthConfig), (18 bytes).
    Removing stm32f10x_usart.o(i.USART_LINCmd), (24 bytes).
    Removing stm32f10x_usart.o(i.USART_OneBitMethodCmd), (24 bytes).
    Removing stm32f10x_usart.o(i.USART_OverSampling8Cmd), (22 bytes).
    Removing stm32f10x_usart.o(i.USART_ReceiverWakeUpCmd), (24 bytes).
    Removing stm32f10x_usart.o(i.USART_SendBreak), (10 bytes).
    Removing stm32f10x_usart.o(i.USART_SendData), (8 bytes).
    Removing stm32f10x_usart.o(i.USART_SetAddress), (18 bytes).
    Removing stm32f10x_usart.o(i.USART_SetGuardTime), (16 bytes).
    Removing stm32f10x_usart.o(i.USART_SetPrescaler), (16 bytes).
    Removing stm32f10x_usart.o(i.USART_SmartCardCmd), (24 bytes).
    Removing stm32f10x_usart.o(i.USART_SmartCardNACKCmd), (24 bytes).
    Removing stm32f10x_usart.o(i.USART_StructInit), (24 bytes).
    Removing stm32f10x_usart.o(i.USART_WakeUpConfig), (18 bytes).
    Removing stm32f10x_bkp.o(i.BKP_ClearFlag), (20 bytes).
    Removing stm32f10x_bkp.o(i.BKP_ClearITPendingBit), (20 bytes).
    Removing stm32f10x_bkp.o(i.BKP_DeInit), (16 bytes).
    Removing stm32f10x_bkp.o(i.BKP_GetFlagStatus), (12 bytes).
    Removing stm32f10x_bkp.o(i.BKP_GetITStatus), (12 bytes).
    Removing stm32f10x_bkp.o(i.BKP_ITConfig), (12 bytes).
    Removing stm32f10x_bkp.o(i.BKP_RTCOutputConfig), (28 bytes).
    Removing stm32f10x_bkp.o(i.BKP_ReadBackupRegister), (28 bytes).
    Removing stm32f10x_bkp.o(i.BKP_SetRTCCalibrationValue), (28 bytes).
    Removing stm32f10x_bkp.o(i.BKP_TamperPinCmd), (12 bytes).
    Removing stm32f10x_bkp.o(i.BKP_TamperPinLevelConfig), (12 bytes).
    Removing stm32f10x_bkp.o(i.BKP_WriteBackupRegister), (28 bytes).
    Removing stm32f10x_pwr.o(i.PWR_BackupAccessCmd), (12 bytes).
    Removing stm32f10x_pwr.o(i.PWR_ClearFlag), (20 bytes).
    Removing stm32f10x_pwr.o(i.PWR_DeInit), (22 bytes).
    Removing stm32f10x_pwr.o(i.PWR_EnterSTANDBYMode), (52 bytes).
    Removing stm32f10x_pwr.o(i.PWR_EnterSTOPMode), (64 bytes).
    Removing stm32f10x_pwr.o(i.PWR_GetFlagStatus), (24 bytes).
    Removing stm32f10x_pwr.o(i.PWR_PVDCmd), (12 bytes).
    Removing stm32f10x_pwr.o(i.PWR_PVDLevelConfig), (24 bytes).
    Removing stm32f10x_pwr.o(i.PWR_WakeUpPinCmd), (12 bytes).
    Removing stm32f10x_rtc.o(i.RTC_ClearFlag), (16 bytes).
    Removing stm32f10x_rtc.o(i.RTC_ClearITPendingBit), (16 bytes).
    Removing stm32f10x_rtc.o(i.RTC_EnterConfigMode), (20 bytes).
    Removing stm32f10x_rtc.o(i.RTC_ExitConfigMode), (20 bytes).
    Removing stm32f10x_rtc.o(i.RTC_GetCounter), (20 bytes).
    Removing stm32f10x_rtc.o(i.RTC_GetDivider), (24 bytes).
    Removing stm32f10x_rtc.o(i.RTC_GetFlagStatus), (24 bytes).
    Removing stm32f10x_rtc.o(i.RTC_GetITStatus), (36 bytes).
    Removing stm32f10x_rtc.o(i.RTC_ITConfig), (32 bytes).
    Removing stm32f10x_rtc.o(i.RTC_SetAlarm), (28 bytes).
    Removing stm32f10x_rtc.o(i.RTC_SetCounter), (28 bytes).
    Removing stm32f10x_rtc.o(i.RTC_SetPrescaler), (32 bytes).
    Removing stm32f10x_rtc.o(i.RTC_WaitForLastTask), (20 bytes).
    Removing stm32f10x_rtc.o(i.RTC_WaitForSynchro), (36 bytes).
    Removing stm32f10x_flash.o(i.FLASH_ClearFlag), (12 bytes).
    Removing stm32f10x_flash.o(i.FLASH_EnableWriteProtection), (196 bytes).
    Removing stm32f10x_flash.o(i.FLASH_EraseAllBank1Pages), (72 bytes).
    Removing stm32f10x_flash.o(i.FLASH_EraseAllPages), (72 bytes).
    Removing stm32f10x_flash.o(i.FLASH_EraseOptionBytes), (168 bytes).
    Removing stm32f10x_flash.o(i.FLASH_ErasePage), (76 bytes).
    Removing stm32f10x_flash.o(i.FLASH_GetBank1Status), (52 bytes).
    Removing stm32f10x_flash.o(i.FLASH_GetFlagStatus), (48 bytes).
    Removing stm32f10x_flash.o(i.FLASH_GetPrefetchBufferStatus), (24 bytes).
    Removing stm32f10x_flash.o(i.FLASH_GetReadOutProtectionStatus), (24 bytes).
    Removing stm32f10x_flash.o(i.FLASH_GetStatus), (52 bytes).
    Removing stm32f10x_flash.o(i.FLASH_GetUserOptionByte), (12 bytes).
    Removing stm32f10x_flash.o(i.FLASH_GetWriteProtectionOptionByte), (12 bytes).
    Removing stm32f10x_flash.o(i.FLASH_HalfCycleAccessCmd), (28 bytes).
    Removing stm32f10x_flash.o(i.FLASH_ITConfig), (32 bytes).
    Removing stm32f10x_flash.o(i.FLASH_Lock), (20 bytes).
    Removing stm32f10x_flash.o(i.FLASH_LockBank1), (20 bytes).
    Removing stm32f10x_flash.o(i.FLASH_ProgramHalfWord), (64 bytes).
    Removing stm32f10x_flash.o(i.FLASH_ProgramOptionByteData), (84 bytes).
    Removing stm32f10x_flash.o(i.FLASH_ProgramWord), (108 bytes).
    Removing stm32f10x_flash.o(i.FLASH_ReadOutProtection), (172 bytes).
    Removing stm32f10x_flash.o(i.FLASH_Unlock), (24 bytes).
    Removing stm32f10x_flash.o(i.FLASH_UnlockBank1), (24 bytes).
    Removing stm32f10x_flash.o(i.FLASH_UserOptionByteConfig), (104 bytes).
    Removing stm32f10x_flash.o(i.FLASH_WaitForLastBank1Operation), (38 bytes).
    Removing stm32f10x_flash.o(i.FLASH_WaitForLastOperation), (38 bytes).
    Removing stm32f10x_i2c.o(i.I2C_ARPCmd), (24 bytes).
    Removing stm32f10x_i2c.o(i.I2C_AcknowledgeConfig), (24 bytes).
    Removing stm32f10x_i2c.o(i.I2C_CalculatePEC), (24 bytes).
    Removing stm32f10x_i2c.o(i.I2C_ClearFlag), (12 bytes).
    Removing stm32f10x_i2c.o(i.I2C_ClearITPendingBit), (12 bytes).
    Removing stm32f10x_i2c.o(i.I2C_DMACmd), (24 bytes).
    Removing stm32f10x_i2c.o(i.I2C_DMALastTransferCmd), (24 bytes).
    Removing stm32f10x_i2c.o(i.I2C_DeInit), (56 bytes).
    Removing stm32f10x_i2c.o(i.I2C_DualAddressCmd), (24 bytes).
    Removing stm32f10x_i2c.o(i.I2C_FastModeDutyCycleConfig), (28 bytes).
    Removing stm32f10x_i2c.o(i.I2C_GeneralCallCmd), (24 bytes).
    Removing stm32f10x_i2c.o(i.I2C_GetFlagStatus), (58 bytes).
    Removing stm32f10x_i2c.o(i.I2C_GetITStatus), (38 bytes).
    Removing stm32f10x_i2c.o(i.I2C_GetLastEvent), (26 bytes).
    Removing stm32f10x_i2c.o(i.I2C_GetPEC), (8 bytes).
    Removing stm32f10x_i2c.o(i.I2C_ITConfig), (18 bytes).
    Removing stm32f10x_i2c.o(i.I2C_NACKPositionConfig), (28 bytes).
    Removing stm32f10x_i2c.o(i.I2C_OwnAddress2Config), (22 bytes).
    Removing stm32f10x_i2c.o(i.I2C_PECPositionConfig), (28 bytes).
    Removing stm32f10x_i2c.o(i.I2C_ReadRegister), (22 bytes).
    Removing stm32f10x_i2c.o(i.I2C_ReceiveData), (8 bytes).
    Removing stm32f10x_i2c.o(i.I2C_SMBusAlertConfig), (28 bytes).
    Removing stm32f10x_i2c.o(i.I2C_SoftwareResetCmd), (22 bytes).
    Removing stm32f10x_i2c.o(i.I2C_StretchClockCmd), (24 bytes).
    Removing stm32f10x_i2c.o(i.I2C_StructInit), (30 bytes).
    Removing stm32f10x_i2c.o(i.I2C_TransmitPEC), (24 bytes).
    Removing stm32f10x_adc.o(i.ADC_AnalogWatchdogCmd), (20 bytes).
    Removing stm32f10x_adc.o(i.ADC_AnalogWatchdogSingleChannelConfig), (16 bytes).
    Removing stm32f10x_adc.o(i.ADC_AnalogWatchdogThresholdsConfig), (6 bytes).
    Removing stm32f10x_adc.o(i.ADC_AutoInjectedConvCmd), (22 bytes).
    Removing stm32f10x_adc.o(i.ADC_ClearFlag), (6 bytes).
    Removing stm32f10x_adc.o(i.ADC_ClearITPendingBit), (10 bytes).
    Removing stm32f10x_adc.o(i.ADC_DeInit), (92 bytes).
    Removing stm32f10x_adc.o(i.ADC_DiscModeChannelCountConfig), (24 bytes).
    Removing stm32f10x_adc.o(i.ADC_DiscModeCmd), (22 bytes).
    Removing stm32f10x_adc.o(i.ADC_ExternalTrigConvCmd), (22 bytes).
    Removing stm32f10x_adc.o(i.ADC_ExternalTrigInjectedConvCmd), (22 bytes).
    Removing stm32f10x_adc.o(i.ADC_ExternalTrigInjectedConvConfig), (16 bytes).
    Removing stm32f10x_adc.o(i.ADC_GetConversionValue), (8 bytes).
    Removing stm32f10x_adc.o(i.ADC_GetDualModeConversionValue), (12 bytes).
    Removing stm32f10x_adc.o(i.ADC_GetFlagStatus), (18 bytes).
    Removing stm32f10x_adc.o(i.ADC_GetITStatus), (36 bytes).
    Removing stm32f10x_adc.o(i.ADC_GetInjectedConversionValue), (28 bytes).
    Removing stm32f10x_adc.o(i.ADC_GetSoftwareStartConvStatus), (20 bytes).
    Removing stm32f10x_adc.o(i.ADC_GetSoftwareStartInjectedConvCmdStatus), (20 bytes).
    Removing stm32f10x_adc.o(i.ADC_ITConfig), (24 bytes).
    Removing stm32f10x_adc.o(i.ADC_InjectedChannelConfig), (130 bytes).
    Removing stm32f10x_adc.o(i.ADC_InjectedDiscModeCmd), (22 bytes).
    Removing stm32f10x_adc.o(i.ADC_InjectedSequencerLengthConfig), (24 bytes).
    Removing stm32f10x_adc.o(i.ADC_SetInjectedOffset), (20 bytes).
    Removing stm32f10x_adc.o(i.ADC_SoftwareStartInjectedConvCmd), (22 bytes).
    Removing stm32f10x_adc.o(i.ADC_StructInit), (18 bytes).
    Removing stm32f10x_adc.o(i.ADC_TempSensorVrefintCmd), (36 bytes).
    Removing stm32f10x_dma.o(i.DMA_ClearFlag), (28 bytes).
    Removing stm32f10x_dma.o(i.DMA_ClearITPendingBit), (28 bytes).
    Removing stm32f10x_dma.o(i.DMA_GetCurrDataCounter), (8 bytes).
    Removing stm32f10x_dma.o(i.DMA_GetFlagStatus), (44 bytes).
    Removing stm32f10x_dma.o(i.DMA_GetITStatus), (44 bytes).
    Removing stm32f10x_dma.o(i.DMA_ITConfig), (18 bytes).
    Removing stm32f10x_dma.o(i.DMA_SetCurrDataCounter), (4 bytes).
    Removing stm32f10x_dma.o(i.DMA_StructInit), (26 bytes).
    Removing stm32f10x_tim.o(i.TI1_Config), (128 bytes).
    Removing stm32f10x_tim.o(i.TI2_Config), (152 bytes).
    Removing stm32f10x_tim.o(i.TI3_Config), (144 bytes).
    Removing stm32f10x_tim.o(i.TI4_Config), (152 bytes).
    Removing stm32f10x_tim.o(i.TIM_ARRPreloadConfig), (24 bytes).
    Removing stm32f10x_tim.o(i.TIM_BDTRConfig), (32 bytes).
    Removing stm32f10x_tim.o(i.TIM_BDTRStructInit), (18 bytes).
    Removing stm32f10x_tim.o(i.TIM_CCPreloadControl), (24 bytes).
    Removing stm32f10x_tim.o(i.TIM_CCxCmd), (30 bytes).
    Removing stm32f10x_tim.o(i.TIM_CCxNCmd), (30 bytes).
    Removing stm32f10x_tim.o(i.TIM_ClearFlag), (6 bytes).
    Removing stm32f10x_tim.o(i.TIM_ClearOC1Ref), (18 bytes).
    Removing stm32f10x_tim.o(i.TIM_ClearOC2Ref), (24 bytes).
    Removing stm32f10x_tim.o(i.TIM_ClearOC3Ref), (18 bytes).
    Removing stm32f10x_tim.o(i.TIM_ClearOC4Ref), (24 bytes).
    Removing stm32f10x_tim.o(i.TIM_CounterModeConfig), (18 bytes).
    Removing stm32f10x_tim.o(i.TIM_CtrlPWMOutputs), (30 bytes).
    Removing stm32f10x_tim.o(i.TIM_DMACmd), (18 bytes).
    Removing stm32f10x_tim.o(i.TIM_DMAConfig), (10 bytes).
    Removing stm32f10x_tim.o(i.TIM_DeInit), (488 bytes).
    Removing stm32f10x_tim.o(i.TIM_ETRClockMode1Config), (54 bytes).
    Removing stm32f10x_tim.o(i.TIM_ETRClockMode2Config), (32 bytes).
    Removing stm32f10x_tim.o(i.TIM_ETRConfig), (28 bytes).
    Removing stm32f10x_tim.o(i.TIM_EncoderInterfaceConfig), (66 bytes).
    Removing stm32f10x_tim.o(i.TIM_ForcedOC1Config), (18 bytes).
    Removing stm32f10x_tim.o(i.TIM_ForcedOC2Config), (26 bytes).
    Removing stm32f10x_tim.o(i.TIM_ForcedOC3Config), (18 bytes).
    Removing stm32f10x_tim.o(i.TIM_ForcedOC4Config), (26 bytes).
    Removing stm32f10x_tim.o(i.TIM_GenerateEvent), (4 bytes).
    Removing stm32f10x_tim.o(i.TIM_GetCapture1), (6 bytes).
    Removing stm32f10x_tim.o(i.TIM_GetCapture2), (6 bytes).
    Removing stm32f10x_tim.o(i.TIM_GetCapture3), (6 bytes).
    Removing stm32f10x_tim.o(i.TIM_GetCapture4), (8 bytes).
    Removing stm32f10x_tim.o(i.TIM_GetCounter), (6 bytes).
    Removing stm32f10x_tim.o(i.TIM_GetFlagStatus), (18 bytes).
    Removing stm32f10x_tim.o(i.TIM_GetPrescaler), (6 bytes).
    Removing stm32f10x_tim.o(i.TIM_ICInit), (172 bytes).
    Removing stm32f10x_tim.o(i.TIM_ICStructInit), (18 bytes).
    Removing stm32f10x_tim.o(i.TIM_ITRxExternalClockConfig), (24 bytes).
    Removing stm32f10x_tim.o(i.TIM_InternalClockConfig), (12 bytes).
    Removing stm32f10x_tim.o(i.TIM_OC1FastConfig), (18 bytes).
    Removing stm32f10x_tim.o(i.TIM_OC1Init), (152 bytes).
    Removing stm32f10x_tim.o(i.TIM_OC1NPolarityConfig), (18 bytes).
    Removing stm32f10x_tim.o(i.TIM_OC1PolarityConfig), (18 bytes).
    Removing stm32f10x_tim.o(i.TIM_OC1PreloadConfig), (18 bytes).
    Removing stm32f10x_tim.o(i.TIM_OC2FastConfig), (26 bytes).
    Removing stm32f10x_tim.o(i.TIM_OC2Init), (164 bytes).
    Removing stm32f10x_tim.o(i.TIM_OC2NPolarityConfig), (26 bytes).
    Removing stm32f10x_tim.o(i.TIM_OC2PolarityConfig), (26 bytes).
    Removing stm32f10x_tim.o(i.TIM_OC2PreloadConfig), (26 bytes).
    Removing stm32f10x_tim.o(i.TIM_OC3FastConfig), (18 bytes).
    Removing stm32f10x_tim.o(i.TIM_OC3Init), (160 bytes).
    Removing stm32f10x_tim.o(i.TIM_OC3NPolarityConfig), (26 bytes).
    Removing stm32f10x_tim.o(i.TIM_OC3PolarityConfig), (26 bytes).
    Removing stm32f10x_tim.o(i.TIM_OC3PreloadConfig), (18 bytes).
    Removing stm32f10x_tim.o(i.TIM_OC4FastConfig), (26 bytes).
    Removing stm32f10x_tim.o(i.TIM_OC4Init), (124 bytes).
    Removing stm32f10x_tim.o(i.TIM_OC4PolarityConfig), (26 bytes).
    Removing stm32f10x_tim.o(i.TIM_OC4PreloadConfig), (26 bytes).
    Removing stm32f10x_tim.o(i.TIM_OCStructInit), (20 bytes).
    Removing stm32f10x_tim.o(i.TIM_PWMIConfig), (124 bytes).
    Removing stm32f10x_tim.o(i.TIM_PrescalerConfig), (6 bytes).
    Removing stm32f10x_tim.o(i.TIM_SelectCCDMA), (24 bytes).
    Removing stm32f10x_tim.o(i.TIM_SelectCOM), (24 bytes).
    Removing stm32f10x_tim.o(i.TIM_SelectHallSensor), (24 bytes).
    Removing stm32f10x_tim.o(i.TIM_SelectInputTrigger), (18 bytes).
    Removing stm32f10x_tim.o(i.TIM_SelectMasterSlaveMode), (18 bytes).
    Removing stm32f10x_tim.o(i.TIM_SelectOCxM), (82 bytes).
    Removing stm32f10x_tim.o(i.TIM_SelectOnePulseMode), (18 bytes).
    Removing stm32f10x_tim.o(i.TIM_SelectOutputTrigger), (18 bytes).
    Removing stm32f10x_tim.o(i.TIM_SelectSlaveMode), (18 bytes).
    Removing stm32f10x_tim.o(i.TIM_SetAutoreload), (4 bytes).
    Removing stm32f10x_tim.o(i.TIM_SetClockDivision), (18 bytes).
    Removing stm32f10x_tim.o(i.TIM_SetCompare1), (4 bytes).
    Removing stm32f10x_tim.o(i.TIM_SetCompare2), (4 bytes).
    Removing stm32f10x_tim.o(i.TIM_SetCompare3), (4 bytes).
    Removing stm32f10x_tim.o(i.TIM_SetCompare4), (6 bytes).
    Removing stm32f10x_tim.o(i.TIM_SetCounter), (4 bytes).
    Removing stm32f10x_tim.o(i.TIM_SetIC1Prescaler), (18 bytes).
    Removing stm32f10x_tim.o(i.TIM_SetIC2Prescaler), (26 bytes).
    Removing stm32f10x_tim.o(i.TIM_SetIC3Prescaler), (18 bytes).
    Removing stm32f10x_tim.o(i.TIM_SetIC4Prescaler), (26 bytes).
    Removing stm32f10x_tim.o(i.TIM_TIxExternalClockConfig), (62 bytes).
    Removing stm32f10x_tim.o(i.TIM_TimeBaseStructInit), (18 bytes).
    Removing stm32f10x_tim.o(i.TIM_UpdateDisableConfig), (24 bytes).
    Removing stm32f10x_tim.o(i.TIM_UpdateRequestConfig), (24 bytes).
    Removing stm32f10x_exti.o(i.EXTI_ClearFlag), (12 bytes).
    Removing stm32f10x_exti.o(i.EXTI_DeInit), (36 bytes).
    Removing stm32f10x_exti.o(i.EXTI_GenerateSWInterrupt), (16 bytes).
    Removing stm32f10x_exti.o(i.EXTI_GetFlagStatus), (24 bytes).
    Removing stm32f10x_exti.o(i.EXTI_StructInit), (16 bytes).
    Removing startup_stm32f10x_md.o(HEAP), (512 bytes).
    Removing delay.o(i.delay_s), (26 bytes).
    Removing usart.o(i.USART1_Init), (160 bytes).
    Removing usart.o(i.USART1_printf), (88 bytes).
    Removing usart.o(i.USART3_Init), (172 bytes).
    Removing usart.o(i.USART3_printf), (88 bytes).
    Removing usart.o(i._sys_exit), (6 bytes).
    Removing i2c.o(i.I2C_READ_BUFFER), (232 bytes).
    Removing i2c.o(i.I2C_READ_BYTE), (188 bytes).
    Removing key.o(i.KEY_Init), (36 bytes).
    Removing oled0561.o(i.OLED_DISPLAY_16x16), (156 bytes).
    Removing oled0561.o(i.OLED_DISPLAY_PIC1), (84 bytes).
    Removing encoder.o(i.ENCODER_Init), (56 bytes).
    Removing encoder.o(i.ENCODER_READ), (180 bytes).
    Removing encoder.o(.data), (4 bytes).
    Removing dadd.o(.text), (334 bytes).
    Removing ddiv.o(.text), (222 bytes).
    Removing dfixul.o(.text), (48 bytes).
    Removing cdrcmple.o(.text), (48 bytes).

297 unused section(s) (total 12378 bytes) removed from the image.

==============================================================================

Image Symbol Table

    Local Symbols

    Symbol Name                              Value     Ov Type        Size  Object(Section)

    ../clib/microlib/division.c              0x00000000   Number         0  uldiv.o ABSOLUTE
    ../clib/microlib/division.c              0x00000000   Number         0  uidiv.o ABSOLUTE
    ../clib/microlib/init/entry.s            0x00000000   Number         0  entry7b.o ABSOLUTE
    ../clib/microlib/init/entry.s            0x00000000   Number         0  entry8a.o ABSOLUTE
    ../clib/microlib/init/entry.s            0x00000000   Number         0  entry9a.o ABSOLUTE
    ../clib/microlib/init/entry.s            0x00000000   Number         0  entry7a.o ABSOLUTE
    ../clib/microlib/init/entry.s            0x00000000   Number         0  entry5.o ABSOLUTE
    ../clib/microlib/init/entry.s            0x00000000   Number         0  entry.o ABSOLUTE
    ../clib/microlib/init/entry.s            0x00000000   Number         0  entry11b.o ABSOLUTE
    ../clib/microlib/init/entry.s            0x00000000   Number         0  entry11a.o ABSOLUTE
    ../clib/microlib/init/entry.s            0x00000000   Number         0  entry10b.o ABSOLUTE
    ../clib/microlib/init/entry.s            0x00000000   Number         0  entry2.o ABSOLUTE
    ../clib/microlib/init/entry.s            0x00000000   Number         0  entry10a.o ABSOLUTE
    ../clib/microlib/init/entry.s            0x00000000   Number         0  entry9b.o ABSOLUTE
    ../clib/microlib/init/entry.s            0x00000000   Number         0  entry8b.o ABSOLUTE
    ../clib/microlib/longlong.c              0x00000000   Number         0  llushr.o ABSOLUTE
    ../clib/microlib/longlong.c              0x00000000   Number         0  llshl.o ABSOLUTE
    ../clib/microlib/longlong.c              0x00000000   Number         0  llsshr.o ABSOLUTE
    ../clib/microlib/printf/printf.c         0x00000000   Number         0  printf1.o ABSOLUTE
    ../clib/microlib/printf/printf.c         0x00000000   Number         0  printf8.o ABSOLUTE
    ../clib/microlib/printf/printf.c         0x00000000   Number         0  printfa.o ABSOLUTE
    ../clib/microlib/printf/printf.c         0x00000000   Number         0  printf2.o ABSOLUTE
    ../clib/microlib/printf/printf.c         0x00000000   Number         0  printf5.o ABSOLUTE
    ../clib/microlib/printf/printf.c         0x00000000   Number         0  printf3.o ABSOLUTE
    ../clib/microlib/printf/printf.c         0x00000000   Number         0  printf4.o ABSOLUTE
    ../clib/microlib/printf/printf.c         0x00000000   Number         0  printfb.o ABSOLUTE
    ../clib/microlib/printf/printf.c         0x00000000   Number         0  printf0.o ABSOLUTE
    ../clib/microlib/printf/printf.c         0x00000000   Number         0  printf6.o ABSOLUTE
    ../clib/microlib/printf/printf.c         0x00000000   Number         0  printf7.o ABSOLUTE
    ../clib/microlib/printf/stubs.s          0x00000000   Number         0  stubs.o ABSOLUTE
    ../clib/microlib/string/memcpy.c         0x00000000   Number         0  memcpya.o ABSOLUTE
    ../clib/microlib/string/memcpy.c         0x00000000   Number         0  memcpyb.o ABSOLUTE
    ../clib/microlib/string/strlen.c         0x00000000   Number         0  strlen.o ABSOLUTE
    ../clib/microlib/stubs.s                 0x00000000   Number         0  iusefp.o ABSOLUTE
    ../clib/microlib/stubs.s                 0x00000000   Number         0  useno.o ABSOLUTE
    ../fplib/microlib/d2f.c                  0x00000000   Number         0  d2f.o ABSOLUTE
    ../fplib/microlib/f2d.c                  0x00000000   Number         0  f2d.o ABSOLUTE
    ../fplib/microlib/fpadd.c                0x00000000   Number         0  dadd.o ABSOLUTE
    ../fplib/microlib/fpadd.c                0x00000000   Number         0  fadd.o ABSOLUTE
    ../fplib/microlib/fpdiv.c                0x00000000   Number         0  ddiv.o ABSOLUTE
    ../fplib/microlib/fpdiv.c                0x00000000   Number         0  fdiv.o ABSOLUTE
    ../fplib/microlib/fpepilogue.c           0x00000000   Number         0  fepilogue.o ABSOLUTE
    ../fplib/microlib/fpepilogue.c           0x00000000   Number         0  depilogue.o ABSOLUTE
    ../fplib/microlib/fpfix.c                0x00000000   Number         0  ffixi.o ABSOLUTE
    ../fplib/microlib/fpfix.c                0x00000000   Number         0  dfixul.o ABSOLUTE
    ../fplib/microlib/fpfix.c                0x00000000   Number         0  ffixui.o ABSOLUTE
    ../fplib/microlib/fpflt.c                0x00000000   Number         0  ffltui.o ABSOLUTE
    ../fplib/microlib/fpflt.c                0x00000000   Number         0  fflti.o ABSOLUTE
    ../fplib/microlib/fpmul.c                0x00000000   Number         0  fmul.o ABSOLUTE
    ../fplib/microlib/fpmul.c                0x00000000   Number         0  dmul.o ABSOLUTE
    Basic\adc\adc.c                          0x00000000   Number         0  adc.o ABSOLUTE
    Basic\delay\delay.c                      0x00000000   Number         0  delay.o ABSOLUTE
    Basic\i2c\i2c.c                          0x00000000   Number         0  i2c.o ABSOLUTE
    Basic\nvic\NVIC.c                        0x00000000   Number         0  nvic.o ABSOLUTE
    Basic\sys\sys.c                          0x00000000   Number         0  sys.o ABSOLUTE
    Basic\tim\tim.c                          0x00000000   Number         0  tim.o ABSOLUTE
    Basic\usart\usart.c                      0x00000000   Number         0  usart.o ABSOLUTE
    CMSIS\\core_cm3.c                        0x00000000   Number         0  core_cm3.o ABSOLUTE
    CMSIS\core_cm3.c                         0x00000000   Number         0  core_cm3.o ABSOLUTE
    CMSIS\system_stm32f10x.c                 0x00000000   Number         0  system_stm32f10x.o ABSOLUTE
    Hardware\CHANGE\change.c                 0x00000000   Number         0  change.o ABSOLUTE
    Hardware\ENCODER\encoder.c               0x00000000   Number         0  encoder.o ABSOLUTE
    Hardware\JoyStick\JoyStick.c             0x00000000   Number         0  joystick.o ABSOLUTE
    Hardware\KEY\key.c                       0x00000000   Number         0  key.o ABSOLUTE
    Hardware\LED\led.c                       0x00000000   Number         0  led.o ABSOLUTE
    Hardware\OLED0561\oled0561.c             0x00000000   Number         0  oled0561.o ABSOLUTE
    Lib\src\misc.c                           0x00000000   Number         0  misc.o ABSOLUTE
    Lib\src\stm32f10x_adc.c                  0x00000000   Number         0  stm32f10x_adc.o ABSOLUTE
    Lib\src\stm32f10x_bkp.c                  0x00000000   Number         0  stm32f10x_bkp.o ABSOLUTE
    Lib\src\stm32f10x_dma.c                  0x00000000   Number         0  stm32f10x_dma.o ABSOLUTE
    Lib\src\stm32f10x_exti.c                 0x00000000   Number         0  stm32f10x_exti.o ABSOLUTE
    Lib\src\stm32f10x_flash.c                0x00000000   Number         0  stm32f10x_flash.o ABSOLUTE
    Lib\src\stm32f10x_gpio.c                 0x00000000   Number         0  stm32f10x_gpio.o ABSOLUTE
    Lib\src\stm32f10x_i2c.c                  0x00000000   Number         0  stm32f10x_i2c.o ABSOLUTE
    Lib\src\stm32f10x_pwr.c                  0x00000000   Number         0  stm32f10x_pwr.o ABSOLUTE
    Lib\src\stm32f10x_rcc.c                  0x00000000   Number         0  stm32f10x_rcc.o ABSOLUTE
    Lib\src\stm32f10x_rtc.c                  0x00000000   Number         0  stm32f10x_rtc.o ABSOLUTE
    Lib\src\stm32f10x_tim.c                  0x00000000   Number         0  stm32f10x_tim.o ABSOLUTE
    Lib\src\stm32f10x_usart.c                0x00000000   Number         0  stm32f10x_usart.o ABSOLUTE
    Startup\startup_stm32f10x_md.s           0x00000000   Number         0  startup_stm32f10x_md.o ABSOLUTE
    User\main.c                              0x00000000   Number         0  main.o ABSOLUTE
    User\stm32f10x_it.c                      0x00000000   Number         0  stm32f10x_it.o ABSOLUTE
    cdrcmple.s                               0x00000000   Number         0  cdrcmple.o ABSOLUTE
    cfcmple.s                                0x00000000   Number         0  cfcmple.o ABSOLUTE
    cfrcmple.s                               0x00000000   Number         0  cfrcmple.o ABSOLUTE
    dc.s                                     0x00000000   Number         0  dc.o ABSOLUTE
    handlers.s                               0x00000000   Number         0  handlers.o ABSOLUTE
    init.s                                   0x00000000   Number         0  init.o ABSOLUTE
    RESET                                    0x08000000   Section      236  startup_stm32f10x_md.o(RESET)
    .ARM.Collect$$$$00000000                 0x080000ec   Section        0  entry.o(.ARM.Collect$$$$00000000)
    .ARM.Collect$$$$00000001                 0x080000ec   Section        4  entry2.o(.ARM.Collect$$$$00000001)
    .ARM.Collect$$$$00000004                 0x080000f0   Section        4  entry5.o(.ARM.Collect$$$$00000004)
    .ARM.Collect$$$$00000008                 0x080000f4   Section        0  entry7b.o(.ARM.Collect$$$$00000008)
    .ARM.Collect$$$$0000000A                 0x080000f4   Section        0  entry8b.o(.ARM.Collect$$$$0000000A)
    .ARM.Collect$$$$0000000B                 0x080000f4   Section        8  entry9a.o(.ARM.Collect$$$$0000000B)
    .ARM.Collect$$$$0000000D                 0x080000fc   Section        0  entry10a.o(.ARM.Collect$$$$0000000D)
    .ARM.Collect$$$$0000000F                 0x080000fc   Section        0  entry11a.o(.ARM.Collect$$$$0000000F)
    .ARM.Collect$$$$00002712                 0x080000fc   Section        4  entry2.o(.ARM.Collect$$$$00002712)
    __lit__00000000                          0x080000fc   Data           4  entry2.o(.ARM.Collect$$$$00002712)
    .text                                    0x08000100   Section       36  startup_stm32f10x_md.o(.text)
    .text                                    0x08000124   Section        0  memcpya.o(.text)
    .text                                    0x08000148   Section        0  fadd.o(.text)
    .text                                    0x080001f8   Section        0  fmul.o(.text)
    .text                                    0x0800025c   Section        0  fdiv.o(.text)
    .text                                    0x080002d8   Section        0  dmul.o(.text)
    .text                                    0x080003bc   Section        0  fflti.o(.text)
    .text                                    0x080003ce   Section        0  ffltui.o(.text)
    .text                                    0x080003d8   Section        0  ffixi.o(.text)
    .text                                    0x0800040a   Section        0  ffixui.o(.text)
    .text                                    0x08000432   Section        0  f2d.o(.text)
    .text                                    0x08000458   Section        0  d2f.o(.text)
    .text                                    0x08000490   Section       20  cfcmple.o(.text)
    .text                                    0x080004a4   Section       20  cfrcmple.o(.text)
    .text                                    0x080004b8   Section        0  fepilogue.o(.text)
    .text                                    0x080004b8   Section        0  iusefp.o(.text)
    .text                                    0x08000526   Section        0  depilogue.o(.text)
    .text                                    0x080005e0   Section       36  init.o(.text)
    .text                                    0x08000604   Section        0  llshl.o(.text)
    .text                                    0x08000622   Section        0  llushr.o(.text)
    i.ADC_Cmd                                0x08000642   Section        0  stm32f10x_adc.o(i.ADC_Cmd)
    i.ADC_Configuration                      0x08000658   Section        0  adc.o(i.ADC_Configuration)
    i.ADC_DMACmd                             0x080006e8   Section        0  stm32f10x_adc.o(i.ADC_DMACmd)
    i.ADC_DMA_Init                           0x08000700   Section        0  adc.o(i.ADC_DMA_Init)
    i.ADC_GPIO_Init                          0x08000758   Section        0  adc.o(i.ADC_GPIO_Init)
    i.ADC_GetCalibrationStatus               0x0800078c   Section        0  stm32f10x_adc.o(i.ADC_GetCalibrationStatus)
    i.ADC_GetResetCalibrationStatus          0x080007a0   Section        0  stm32f10x_adc.o(i.ADC_GetResetCalibrationStatus)
    i.ADC_Init                               0x080007b4   Section        0  stm32f10x_adc.o(i.ADC_Init)
    i.ADC_RegularChannelConfig               0x08000804   Section        0  stm32f10x_adc.o(i.ADC_RegularChannelConfig)
    i.ADC_ResetCalibration                   0x080008bc   Section        0  stm32f10x_adc.o(i.ADC_ResetCalibration)
    i.ADC_SoftwareStartConvCmd               0x080008c6   Section        0  stm32f10x_adc.o(i.ADC_SoftwareStartConvCmd)
    i.ADC_StartCalibration                   0x080008dc   Section        0  stm32f10x_adc.o(i.ADC_StartCalibration)
    i.BusFault_Handler                       0x080008e6   Section        0  stm32f10x_it.o(i.BusFault_Handler)
    i.DMA_Cmd                                0x080008ea   Section        0  stm32f10x_dma.o(i.DMA_Cmd)
    i.DMA_DeInit                             0x08000904   Section        0  stm32f10x_dma.o(i.DMA_DeInit)
    i.DMA_Init                               0x08000a50   Section        0  stm32f10x_dma.o(i.DMA_Init)
    i.DebugMon_Handler                       0x08000a8c   Section        0  stm32f10x_it.o(i.DebugMon_Handler)
    i.EXTI0_IRQHandler                       0x08000a90   Section        0  nvic.o(i.EXTI0_IRQHandler)
    i.EXTI1_IRQHandler                       0x08000bcc   Section        0  nvic.o(i.EXTI1_IRQHandler)
    i.EXTI2_IRQHandler                       0x08001c5c   Section        0  nvic.o(i.EXTI2_IRQHandler)
    i.EXTI3_IRQHandler                       0x08001d38   Section        0  nvic.o(i.EXTI3_IRQHandler)
    i.EXTI_ClearITPendingBit                 0x08001e74   Section        0  stm32f10x_exti.o(i.EXTI_ClearITPendingBit)
    i.EXTI_GetITStatus                       0x08001e80   Section        0  stm32f10x_exti.o(i.EXTI_GetITStatus)
    i.EXTI_Init                              0x08001ea8   Section        0  stm32f10x_exti.o(i.EXTI_Init)
    i.FLASH_PrefetchBufferCmd                0x08001f3c   Section        0  stm32f10x_flash.o(i.FLASH_PrefetchBufferCmd)
    i.FLASH_SetLatency                       0x08001f58   Section        0  stm32f10x_flash.o(i.FLASH_SetLatency)
    i.GPIO_EXTILineConfig                    0x08001f70   Section        0  stm32f10x_gpio.o(i.GPIO_EXTILineConfig)
    i.GPIO_Init                              0x08001fb0   Section        0  stm32f10x_gpio.o(i.GPIO_Init)
    i.GPIO_WriteBit                          0x080020c6   Section        0  stm32f10x_gpio.o(i.GPIO_WriteBit)
    i.HardFault_Handler                      0x080020d0   Section        0  stm32f10x_it.o(i.HardFault_Handler)
    i.I2C_CheckEvent                         0x080020d4   Section        0  stm32f10x_i2c.o(i.I2C_CheckEvent)
    i.I2C_Cmd                                0x080020fe   Section        0  stm32f10x_i2c.o(i.I2C_Cmd)
    i.I2C_Configuration                      0x08002118   Section        0  i2c.o(i.I2C_Configuration)
    i.I2C_GPIO_Init                          0x08002160   Section        0  i2c.o(i.I2C_GPIO_Init)
    i.I2C_GenerateSTART                      0x08002194   Section        0  stm32f10x_i2c.o(i.I2C_GenerateSTART)
    i.I2C_GenerateSTOP                       0x080021ac   Section        0  stm32f10x_i2c.o(i.I2C_GenerateSTOP)
    i.I2C_Init                               0x080021c4   Section        0  stm32f10x_i2c.o(i.I2C_Init)
    i.I2C_SAND_BUFFER                        0x080022b0   Section        0  i2c.o(i.I2C_SAND_BUFFER)
    i.I2C_SAND_BYTE                          0x08002340   Section        0  i2c.o(i.I2C_SAND_BYTE)
    i.I2C_Send7bitAddress                    0x080023bc   Section        0  stm32f10x_i2c.o(i.I2C_Send7bitAddress)
    i.I2C_SendData                           0x080023ce   Section        0  stm32f10x_i2c.o(i.I2C_SendData)
    i.JoyStick_Init                          0x080023d4   Section        0  joystick.o(i.JoyStick_Init)
    i.JoyStick_up_down                       0x080023f8   Section        0  nvic.o(i.JoyStick_up_down)
    i.KEYPAD4x4_INT_INIT                     0x080024a0   Section        0  nvic.o(i.KEYPAD4x4_INT_INIT)
    i.LED_Init                               0x080025c0   Section        0  led.o(i.LED_Init)
    i.MemManage_Handler                      0x080025ec   Section        0  stm32f10x_it.o(i.MemManage_Handler)
    i.NMI_Handler                            0x080025f0   Section        0  stm32f10x_it.o(i.NMI_Handler)
    i.NVIC_Configuration                     0x080025f2   Section        0  sys.o(i.NVIC_Configuration)
    i.NVIC_Init                              0x08002600   Section        0  misc.o(i.NVIC_Init)
    i.NVIC_PriorityGroupConfig               0x08002670   Section        0  misc.o(i.NVIC_PriorityGroupConfig)
    i.OLED0561_Init                          0x08002684   Section        0  oled0561.o(i.OLED0561_Init)
    i.OLED_DISPLAY_8x16                      0x08002694   Section        0  oled0561.o(i.OLED_DISPLAY_8x16)
    i.OLED_DISPLAY_8x16_BUFFER               0x08002730   Section        0  oled0561.o(i.OLED_DISPLAY_8x16_BUFFER)
    i.OLED_DISPLAY_CLEAR                     0x08002754   Section        0  oled0561.o(i.OLED_DISPLAY_CLEAR)
    i.OLED_DISPLAY_CLEAR_0                   0x08002798   Section        0  oled0561.o(i.OLED_DISPLAY_CLEAR_0)
    i.OLED_DISPLAY_LIT                       0x080027dc   Section        0  oled0561.o(i.OLED_DISPLAY_LIT)
    i.OLED_DISPLAY_OFF                       0x080027f8   Section        0  oled0561.o(i.OLED_DISPLAY_OFF)
    i.OLED_DISPLAY_ON                        0x08002814   Section        0  oled0561.o(i.OLED_DISPLAY_ON)
    i.PendSV_Handler                         0x08002850   Section        0  stm32f10x_it.o(i.PendSV_Handler)
    i.RCC_AHBPeriphClockCmd                  0x08002854   Section        0  stm32f10x_rcc.o(i.RCC_AHBPeriphClockCmd)
    i.RCC_APB1PeriphClockCmd                 0x08002874   Section        0  stm32f10x_rcc.o(i.RCC_APB1PeriphClockCmd)
    i.RCC_APB2PeriphClockCmd                 0x08002894   Section        0  stm32f10x_rcc.o(i.RCC_APB2PeriphClockCmd)
    i.RCC_Configuration                      0x080028b4   Section        0  sys.o(i.RCC_Configuration)
    i.RCC_DeInit                             0x08002918   Section        0  stm32f10x_rcc.o(i.RCC_DeInit)
    i.RCC_GetClocksFreq                      0x08002964   Section        0  stm32f10x_rcc.o(i.RCC_GetClocksFreq)
    i.RCC_GetFlagStatus                      0x08002a38   Section        0  stm32f10x_rcc.o(i.RCC_GetFlagStatus)
    i.RCC_GetSYSCLKSource                    0x08002a74   Section        0  stm32f10x_rcc.o(i.RCC_GetSYSCLKSource)
    i.RCC_HCLKConfig                         0x08002a84   Section        0  stm32f10x_rcc.o(i.RCC_HCLKConfig)
    i.RCC_HSEConfig                          0x08002a9c   Section        0  stm32f10x_rcc.o(i.RCC_HSEConfig)
    i.RCC_PCLK1Config                        0x08002ae8   Section        0  stm32f10x_rcc.o(i.RCC_PCLK1Config)
    i.RCC_PCLK2Config                        0x08002b00   Section        0  stm32f10x_rcc.o(i.RCC_PCLK2Config)
    i.RCC_PLLCmd                             0x08002b18   Section        0  stm32f10x_rcc.o(i.RCC_PLLCmd)
    i.RCC_PLLConfig                          0x08002b24   Section        0  stm32f10x_rcc.o(i.RCC_PLLConfig)
    i.RCC_SYSCLKConfig                       0x08002b40   Section        0  stm32f10x_rcc.o(i.RCC_SYSCLKConfig)
    i.RCC_WaitForHSEStartUp                  0x08002b58   Section        0  stm32f10x_rcc.o(i.RCC_WaitForHSEStartUp)
    i.SVC_Handler                            0x08002b90   Section        0  stm32f10x_it.o(i.SVC_Handler)
    i.SetSysClock                            0x08002b92   Section        0  system_stm32f10x.o(i.SetSysClock)
    SetSysClock                              0x08002b93   Thumb Code     8  system_stm32f10x.o(i.SetSysClock)
    i.SetSysClockTo72                        0x08002b9c   Section        0  system_stm32f10x.o(i.SetSysClockTo72)
    SetSysClockTo72                          0x08002b9d   Thumb Code   214  system_stm32f10x.o(i.SetSysClockTo72)
    i.SysTick_Handler                        0x08002c7c   Section        0  stm32f10x_it.o(i.SysTick_Handler)
    i.SystemInit                             0x08002c80   Section        0  system_stm32f10x.o(i.SystemInit)
    i.TIM3_IRQHandler                        0x08002ce0   Section        0  tim.o(i.TIM3_IRQHandler)
    i.TIM3_Init                              0x08002d0c   Section        0  tim.o(i.TIM3_Init)
    i.TIM3_NVIC_Init                         0x08002d50   Section        0  tim.o(i.TIM3_NVIC_Init)
    i.TIM_ClearITPendingBit                  0x08002d70   Section        0  stm32f10x_tim.o(i.TIM_ClearITPendingBit)
    i.TIM_Cmd                                0x08002d76   Section        0  stm32f10x_tim.o(i.TIM_Cmd)
    i.TIM_GetITStatus                        0x08002d8e   Section        0  stm32f10x_tim.o(i.TIM_GetITStatus)
    i.TIM_ITConfig                           0x08002db0   Section        0  stm32f10x_tim.o(i.TIM_ITConfig)
    i.TIM_TimeBaseInit                       0x08002dc4   Section        0  stm32f10x_tim.o(i.TIM_TimeBaseInit)
    i.USART1_IRQHandler                      0x08002e68   Section        0  usart.o(i.USART1_IRQHandler)
    i.USART3_IRQHandler                      0x08002efc   Section        0  usart.o(i.USART3_IRQHandler)
    i.USART_GetITStatus                      0x08002efe   Section        0  stm32f10x_usart.o(i.USART_GetITStatus)
    i.USART_ReceiveData                      0x08002f52   Section        0  stm32f10x_usart.o(i.USART_ReceiveData)
    i.UsageFault_Handler                     0x08002f5c   Section        0  stm32f10x_it.o(i.UsageFault_Handler)
    i.__0printf$2                            0x08002f60   Section        0  printf2.o(i.__0printf$2)
    i.__scatterload_copy                     0x08002f80   Section       14  handlers.o(i.__scatterload_copy)
    i.__scatterload_null                     0x08002f8e   Section        2  handlers.o(i.__scatterload_null)
    i.__scatterload_zeroinit                 0x08002f90   Section       14  handlers.o(i.__scatterload_zeroinit)
    i._printf_core                           0x08002f9e   Section        0  printf2.o(i._printf_core)
    _printf_core                             0x08002f9f   Thumb Code   214  printf2.o(i._printf_core)
    i.delay_ms                               0x08003074   Section        0  delay.o(i.delay_ms)
    i.delay_us                               0x0800308e   Section        0  delay.o(i.delay_us)
    i.eight_change_sixteen                   0x080030bc   Section        0  change.o(i.eight_change_sixteen)
    i.eight_change_ten                       0x080030d4   Section        0  change.o(i.eight_change_ten)
    i.eight_change_two                       0x080031f4   Section        0  change.o(i.eight_change_two)
    i.fputc                                  0x0800320c   Section        0  usart.o(i.fputc)
    i.main                                   0x08003228   Section        0  main.o(i.main)
    i.sixteen_change_eight                   0x080032bc   Section        0  change.o(i.sixteen_change_eight)
    i.sixteen_change_ten                     0x080032d4   Section        0  change.o(i.sixteen_change_ten)
    i.sixteen_change_two                     0x080034e4   Section        0  change.o(i.sixteen_change_two)
    i.ten_change_eight                       0x080034fc   Section        0  change.o(i.ten_change_eight)
    i.ten_change_sixteen                     0x08003688   Section        0  change.o(i.ten_change_sixteen)
    i.ten_change_two                         0x080039b8   Section        0  change.o(i.ten_change_two)
    i.two_change_eight                       0x08003b44   Section        0  change.o(i.two_change_eight)
    i.two_change_sixteen                     0x08003b5a   Section        0  change.o(i.two_change_sixteen)
    i.two_change_ten                         0x08003b70   Section        0  change.o(i.two_change_ten)
    .constdata                               0x08003c78   Section     2688  oled0561.o(.constdata)
    .data                                    0x20000000   Section       20  stm32f10x_rcc.o(.data)
    APBAHBPrescTable                         0x20000000   Data          16  stm32f10x_rcc.o(.data)
    ADCPrescTable                            0x20000010   Data           4  stm32f10x_rcc.o(.data)
    .data                                    0x20000014   Section        8  usart.o(.data)
    .data                                    0x2000001c   Section        4  adc.o(.data)
    .data                                    0x20000020   Section       72  nvic.o(.data)
    .bss                                     0x20000068   Section      400  usart.o(.bss)
    .bss                                     0x200001f8   Section       17  nvic.o(.bss)
    .bss                                     0x2000020c   Section      204  change.o(.bss)
    p                                        0x2000020c   Data          68  change.o(.bss)
    p                                        0x20000250   Data          68  change.o(.bss)
    p                                        0x20000294   Data          68  change.o(.bss)
    STACK                                    0x200002d8   Section     1024  startup_stm32f10x_md.o(STACK)

    Global Symbols

    Symbol Name                              Value     Ov Type        Size  Object(Section)

    BuildAttributes$$THM_ISAv4$P$D$K$B$S$PE$A:L22UL41UL21$X:L11$S22US41US21$IEEE1$IW$USESV6$~STKCKD$USESV7$~SHL$OTIME$ROPI$EBA8$MICROLIB$REQ8$PRES8$EABIv2 0x00000000   Number         0  anon$$obj.o ABSOLUTE
    __ARM_use_no_argv                        0x00000000   Number         0  main.o ABSOLUTE
    __use_no_errno                           0x00000000   Number         0  useno.o ABSOLUTE
    __use_no_exception_handling              0x00000000   Number         0  useno.o ABSOLUTE
    __use_no_fp                              0x00000000   Number         0  useno.o ABSOLUTE
    __use_no_heap                            0x00000000   Number         0  useno.o ABSOLUTE
    __use_no_heap_region                     0x00000000   Number         0  useno.o ABSOLUTE
    __use_no_semihosting                     0x00000000   Number         0  useno.o ABSOLUTE
    __use_no_semihosting_swi                 0x00000000   Number         0  useno.o ABSOLUTE
    __use_no_signal_handling                 0x00000000   Number         0  useno.o ABSOLUTE
    _printf_a                                0x00000000   Number         0  stubs.o ABSOLUTE
    _printf_c                                0x00000000   Number         0  stubs.o ABSOLUTE
    _printf_charcount                        0x00000000   Number         0  stubs.o ABSOLUTE
    _printf_d                                0x00000000   Number         0  stubs.o ABSOLUTE
    _printf_e                                0x00000000   Number         0  stubs.o ABSOLUTE
    _printf_f                                0x00000000   Number         0  stubs.o ABSOLUTE
    _printf_flags                            0x00000000   Number         0  stubs.o ABSOLUTE
    _printf_fp_dec                           0x00000000   Number         0  stubs.o ABSOLUTE
    _printf_fp_hex                           0x00000000   Number         0  stubs.o ABSOLUTE
    _printf_g                                0x00000000   Number         0  stubs.o ABSOLUTE
    _printf_i                                0x00000000   Number         0  stubs.o ABSOLUTE
    _printf_int_dec                          0x00000000   Number         0  stubs.o ABSOLUTE
    _printf_l                                0x00000000   Number         0  stubs.o ABSOLUTE
    _printf_lc                               0x00000000   Number         0  stubs.o ABSOLUTE
    _printf_ll                               0x00000000   Number         0  stubs.o ABSOLUTE
    _printf_lld                              0x00000000   Number         0  stubs.o ABSOLUTE
    _printf_lli                              0x00000000   Number         0  stubs.o ABSOLUTE
    _printf_llo                              0x00000000   Number         0  stubs.o ABSOLUTE
    _printf_llu                              0x00000000   Number         0  stubs.o ABSOLUTE
    _printf_llx                              0x00000000   Number         0  stubs.o ABSOLUTE
    _printf_longlong_dec                     0x00000000   Number         0  stubs.o ABSOLUTE
    _printf_longlong_hex                     0x00000000   Number         0  stubs.o ABSOLUTE
    _printf_longlong_oct                     0x00000000   Number         0  stubs.o ABSOLUTE
    _printf_ls                               0x00000000   Number         0  stubs.o ABSOLUTE
    _printf_mbtowc                           0x00000000   Number         0  stubs.o ABSOLUTE
    _printf_n                                0x00000000   Number         0  stubs.o ABSOLUTE
    _printf_o                                0x00000000   Number         0  stubs.o ABSOLUTE
    _printf_p                                0x00000000   Number         0  stubs.o ABSOLUTE
    _printf_percent                          0x00000000   Number         0  stubs.o ABSOLUTE
    _printf_pre_padding                      0x00000000   Number         0  stubs.o ABSOLUTE
    _printf_return_value                     0x00000000   Number         0  stubs.o ABSOLUTE
    _printf_s                                0x00000000   Number         0  stubs.o ABSOLUTE
    _printf_sizespec                         0x00000000   Number         0  stubs.o ABSOLUTE
    _printf_str                              0x00000000   Number         0  stubs.o ABSOLUTE
    _printf_truncate_signed                  0x00000000   Number         0  stubs.o ABSOLUTE
    _printf_truncate_unsigned                0x00000000   Number         0  stubs.o ABSOLUTE
    _printf_u                                0x00000000   Number         0  stubs.o ABSOLUTE
    _printf_wc                               0x00000000   Number         0  stubs.o ABSOLUTE
    _printf_wctomb                           0x00000000   Number         0  stubs.o ABSOLUTE
    _printf_widthprec                        0x00000000   Number         0  stubs.o ABSOLUTE
    _printf_x                                0x00000000   Number         0  stubs.o ABSOLUTE
    __cpp_initialize__aeabi_                  - Undefined Weak Reference
    __cxa_finalize                            - Undefined Weak Reference
    __decompress                              - Undefined Weak Reference
    _clock_init                               - Undefined Weak Reference
    _microlib_exit                            - Undefined Weak Reference
    __Vectors_Size                           0x000000ec   Number         0  startup_stm32f10x_md.o ABSOLUTE
    __Vectors                                0x08000000   Data           4  startup_stm32f10x_md.o(RESET)
    __Vectors_End                            0x080000ec   Data           0  startup_stm32f10x_md.o(RESET)
    __main                                   0x080000ed   Thumb Code     0  entry.o(.ARM.Collect$$$$00000000)
    _main_stk                                0x080000ed   Thumb Code     0  entry2.o(.ARM.Collect$$$$00000001)
    _main_scatterload                        0x080000f1   Thumb Code     0  entry5.o(.ARM.Collect$$$$00000004)
    __main_after_scatterload                 0x080000f5   Thumb Code     0  entry5.o(.ARM.Collect$$$$00000004)
    _main_clock                              0x080000f5   Thumb Code     0  entry7b.o(.ARM.Collect$$$$00000008)
    _main_cpp_init                           0x080000f5   Thumb Code     0  entry8b.o(.ARM.Collect$$$$0000000A)
    _main_init                               0x080000f5   Thumb Code     0  entry9a.o(.ARM.Collect$$$$0000000B)
    __rt_final_cpp                           0x080000fd   Thumb Code     0  entry10a.o(.ARM.Collect$$$$0000000D)
    __rt_final_exit                          0x080000fd   Thumb Code     0  entry11a.o(.ARM.Collect$$$$0000000F)
    Reset_Handler                            0x08000101   Thumb Code     8  startup_stm32f10x_md.o(.text)
    ADC1_2_IRQHandler                        0x0800011b   Thumb Code     0  startup_stm32f10x_md.o(.text)
    CAN1_RX1_IRQHandler                      0x0800011b   Thumb Code     0  startup_stm32f10x_md.o(.text)
    CAN1_SCE_IRQHandler                      0x0800011b   Thumb Code     0  startup_stm32f10x_md.o(.text)
    DMA1_Channel1_IRQHandler                 0x0800011b   Thumb Code     0  startup_stm32f10x_md.o(.text)
    DMA1_Channel2_IRQHandler                 0x0800011b   Thumb Code     0  startup_stm32f10x_md.o(.text)
    DMA1_Channel3_IRQHandler                 0x0800011b   Thumb Code     0  startup_stm32f10x_md.o(.text)
    DMA1_Channel4_IRQHandler                 0x0800011b   Thumb Code     0  startup_stm32f10x_md.o(.text)
    DMA1_Channel5_IRQHandler                 0x0800011b   Thumb Code     0  startup_stm32f10x_md.o(.text)
    DMA1_Channel6_IRQHandler                 0x0800011b   Thumb Code     0  startup_stm32f10x_md.o(.text)
    DMA1_Channel7_IRQHandler                 0x0800011b   Thumb Code     0  startup_stm32f10x_md.o(.text)
    EXTI15_10_IRQHandler                     0x0800011b   Thumb Code     0  startup_stm32f10x_md.o(.text)
    EXTI4_IRQHandler                         0x0800011b   Thumb Code     0  startup_stm32f10x_md.o(.text)
    EXTI9_5_IRQHandler                       0x0800011b   Thumb Code     0  startup_stm32f10x_md.o(.text)
    FLASH_IRQHandler                         0x0800011b   Thumb Code     0  startup_stm32f10x_md.o(.text)
    I2C1_ER_IRQHandler                       0x0800011b   Thumb Code     0  startup_stm32f10x_md.o(.text)
    I2C1_EV_IRQHandler                       0x0800011b   Thumb Code     0  startup_stm32f10x_md.o(.text)
    I2C2_ER_IRQHandler                       0x0800011b   Thumb Code     0  startup_stm32f10x_md.o(.text)
    I2C2_EV_IRQHandler                       0x0800011b   Thumb Code     0  startup_stm32f10x_md.o(.text)
    PVD_IRQHandler                           0x0800011b   Thumb Code     0  startup_stm32f10x_md.o(.text)
    RCC_IRQHandler                           0x0800011b   Thumb Code     0  startup_stm32f10x_md.o(.text)
    RTCAlarm_IRQHandler                      0x0800011b   Thumb Code     0  startup_stm32f10x_md.o(.text)
    RTC_IRQHandler                           0x0800011b   Thumb Code     0  startup_stm32f10x_md.o(.text)
    SPI1_IRQHandler                          0x0800011b   Thumb Code     0  startup_stm32f10x_md.o(.text)
    SPI2_IRQHandler                          0x0800011b   Thumb Code     0  startup_stm32f10x_md.o(.text)
    TAMPER_IRQHandler                        0x0800011b   Thumb Code     0  startup_stm32f10x_md.o(.text)
    TIM1_BRK_IRQHandler                      0x0800011b   Thumb Code     0  startup_stm32f10x_md.o(.text)
    TIM1_CC_IRQHandler                       0x0800011b   Thumb Code     0  startup_stm32f10x_md.o(.text)
    TIM1_TRG_COM_IRQHandler                  0x0800011b   Thumb Code     0  startup_stm32f10x_md.o(.text)
    TIM1_UP_IRQHandler                       0x0800011b   Thumb Code     0  startup_stm32f10x_md.o(.text)
    TIM2_IRQHandler                          0x0800011b   Thumb Code     0  startup_stm32f10x_md.o(.text)
    TIM4_IRQHandler                          0x0800011b   Thumb Code     0  startup_stm32f10x_md.o(.text)
    USART2_IRQHandler                        0x0800011b   Thumb Code     0  startup_stm32f10x_md.o(.text)
    USBWakeUp_IRQHandler                     0x0800011b   Thumb Code     0  startup_stm32f10x_md.o(.text)
    USB_HP_CAN1_TX_IRQHandler                0x0800011b   Thumb Code     0  startup_stm32f10x_md.o(.text)
    USB_LP_CAN1_RX0_IRQHandler               0x0800011b   Thumb Code     0  startup_stm32f10x_md.o(.text)
    WWDG_IRQHandler                          0x0800011b   Thumb Code     0  startup_stm32f10x_md.o(.text)
    __aeabi_memcpy                           0x08000125   Thumb Code    36  memcpya.o(.text)
    __aeabi_memcpy4                          0x08000125   Thumb Code     0  memcpya.o(.text)
    __aeabi_memcpy8                          0x08000125   Thumb Code     0  memcpya.o(.text)
    __aeabi_fadd                             0x08000149   Thumb Code   164  fadd.o(.text)
    __aeabi_fsub                             0x080001ed   Thumb Code     6  fadd.o(.text)
    __aeabi_frsub                            0x080001f3   Thumb Code     6  fadd.o(.text)
    __aeabi_fmul                             0x080001f9   Thumb Code   100  fmul.o(.text)
    __aeabi_fdiv                             0x0800025d   Thumb Code   124  fdiv.o(.text)
    __aeabi_dmul                             0x080002d9   Thumb Code   228  dmul.o(.text)
    __aeabi_i2f                              0x080003bd   Thumb Code    18  fflti.o(.text)
    __aeabi_ui2f                             0x080003cf   Thumb Code    10  ffltui.o(.text)
    __aeabi_f2iz                             0x080003d9   Thumb Code    50  ffixi.o(.text)
    __aeabi_f2uiz                            0x0800040b   Thumb Code    40  ffixui.o(.text)
    __aeabi_f2d                              0x08000433   Thumb Code    38  f2d.o(.text)
    __aeabi_d2f                              0x08000459   Thumb Code    56  d2f.o(.text)
    __aeabi_cfcmpeq                          0x08000491   Thumb Code     0  cfcmple.o(.text)
    __aeabi_cfcmple                          0x08000491   Thumb Code    20  cfcmple.o(.text)
    __aeabi_cfrcmple                         0x080004a5   Thumb Code    20  cfrcmple.o(.text)
    __I$use$fp                               0x080004b9   Thumb Code     0  iusefp.o(.text)
    _float_round                             0x080004b9   Thumb Code    18  fepilogue.o(.text)
    _float_epilogue                          0x080004cb   Thumb Code    92  fepilogue.o(.text)
    _double_round                            0x08000527   Thumb Code    30  depilogue.o(.text)
    _double_epilogue                         0x08000545   Thumb Code   156  depilogue.o(.text)
    __scatterload                            0x080005e1   Thumb Code    28  init.o(.text)
    __scatterload_rt2                        0x080005e1   Thumb Code     0  init.o(.text)
    __aeabi_llsl                             0x08000605   Thumb Code    30  llshl.o(.text)
    _ll_shift_l                              0x08000605   Thumb Code     0  llshl.o(.text)
    __aeabi_llsr                             0x08000623   Thumb Code    32  llushr.o(.text)
    _ll_ushift_r                             0x08000623   Thumb Code     0  llushr.o(.text)
    ADC_Cmd                                  0x08000643   Thumb Code    22  stm32f10x_adc.o(i.ADC_Cmd)
    ADC_Configuration                        0x08000659   Thumb Code   138  adc.o(i.ADC_Configuration)
    ADC_DMACmd                               0x080006e9   Thumb Code    22  stm32f10x_adc.o(i.ADC_DMACmd)
    ADC_DMA_Init                             0x08000701   Thumb Code    74  adc.o(i.ADC_DMA_Init)
    ADC_GPIO_Init                            0x08000759   Thumb Code    48  adc.o(i.ADC_GPIO_Init)
    ADC_GetCalibrationStatus                 0x0800078d   Thumb Code    20  stm32f10x_adc.o(i.ADC_GetCalibrationStatus)
    ADC_GetResetCalibrationStatus            0x080007a1   Thumb Code    20  stm32f10x_adc.o(i.ADC_GetResetCalibrationStatus)
    ADC_Init                                 0x080007b5   Thumb Code    70  stm32f10x_adc.o(i.ADC_Init)
    ADC_RegularChannelConfig                 0x08000805   Thumb Code   184  stm32f10x_adc.o(i.ADC_RegularChannelConfig)
    ADC_ResetCalibration                     0x080008bd   Thumb Code    10  stm32f10x_adc.o(i.ADC_ResetCalibration)
    ADC_SoftwareStartConvCmd                 0x080008c7   Thumb Code    22  stm32f10x_adc.o(i.ADC_SoftwareStartConvCmd)
    ADC_StartCalibration                     0x080008dd   Thumb Code    10  stm32f10x_adc.o(i.ADC_StartCalibration)
    BusFault_Handler                         0x080008e7   Thumb Code     4  stm32f10x_it.o(i.BusFault_Handler)
    DMA_Cmd                                  0x080008eb   Thumb Code    24  stm32f10x_dma.o(i.DMA_Cmd)
    DMA_DeInit                               0x08000905   Thumb Code   324  stm32f10x_dma.o(i.DMA_DeInit)
    DMA_Init                                 0x08000a51   Thumb Code    60  stm32f10x_dma.o(i.DMA_Init)
    DebugMon_Handler                         0x08000a8d   Thumb Code     2  stm32f10x_it.o(i.DebugMon_Handler)
    EXTI0_IRQHandler                         0x08000a91   Thumb Code   296  nvic.o(i.EXTI0_IRQHandler)
    EXTI1_IRQHandler                         0x08000bcd   Thumb Code  4238  nvic.o(i.EXTI1_IRQHandler)
    EXTI2_IRQHandler                         0x08001c5d   Thumb Code   188  nvic.o(i.EXTI2_IRQHandler)
    EXTI3_IRQHandler                         0x08001d39   Thumb Code   296  nvic.o(i.EXTI3_IRQHandler)
    EXTI_ClearITPendingBit                   0x08001e75   Thumb Code     6  stm32f10x_exti.o(i.EXTI_ClearITPendingBit)
    EXTI_GetITStatus                         0x08001e81   Thumb Code    34  stm32f10x_exti.o(i.EXTI_GetITStatus)
    EXTI_Init                                0x08001ea9   Thumb Code   142  stm32f10x_exti.o(i.EXTI_Init)
    FLASH_PrefetchBufferCmd                  0x08001f3d   Thumb Code    22  stm32f10x_flash.o(i.FLASH_PrefetchBufferCmd)
    FLASH_SetLatency                         0x08001f59   Thumb Code    18  stm32f10x_flash.o(i.FLASH_SetLatency)
    GPIO_EXTILineConfig                      0x08001f71   Thumb Code    60  stm32f10x_gpio.o(i.GPIO_EXTILineConfig)
    GPIO_Init                                0x08001fb1   Thumb Code   278  stm32f10x_gpio.o(i.GPIO_Init)
    GPIO_WriteBit                            0x080020c7   Thumb Code    10  stm32f10x_gpio.o(i.GPIO_WriteBit)
    HardFault_Handler                        0x080020d1   Thumb Code     4  stm32f10x_it.o(i.HardFault_Handler)
    I2C_CheckEvent                           0x080020d5   Thumb Code    42  stm32f10x_i2c.o(i.I2C_CheckEvent)
    I2C_Cmd                                  0x080020ff   Thumb Code    24  stm32f10x_i2c.o(i.I2C_Cmd)
    I2C_Configuration                        0x08002119   Thumb Code    62  i2c.o(i.I2C_Configuration)
    I2C_GPIO_Init                            0x08002161   Thumb Code    46  i2c.o(i.I2C_GPIO_Init)
    I2C_GenerateSTART                        0x08002195   Thumb Code    24  stm32f10x_i2c.o(i.I2C_GenerateSTART)
    I2C_GenerateSTOP                         0x080021ad   Thumb Code    24  stm32f10x_i2c.o(i.I2C_GenerateSTOP)
    I2C_Init                                 0x080021c5   Thumb Code   222  stm32f10x_i2c.o(i.I2C_Init)
    I2C_SAND_BUFFER                          0x080022b1   Thumb Code   132  i2c.o(i.I2C_SAND_BUFFER)
    I2C_SAND_BYTE                            0x08002341   Thumb Code   112  i2c.o(i.I2C_SAND_BYTE)
    I2C_Send7bitAddress                      0x080023bd   Thumb Code    18  stm32f10x_i2c.o(i.I2C_Send7bitAddress)
    I2C_SendData                             0x080023cf   Thumb Code     4  stm32f10x_i2c.o(i.I2C_SendData)
    JoyStick_Init                            0x080023d5   Thumb Code    32  joystick.o(i.JoyStick_Init)
    JoyStick_up_down                         0x080023f9   Thumb Code   156  nvic.o(i.JoyStick_up_down)
    KEYPAD4x4_INT_INIT                       0x080024a1   Thumb Code   286  nvic.o(i.KEYPAD4x4_INT_INIT)
    LED_Init                                 0x080025c1   Thumb Code    40  led.o(i.LED_Init)
    MemManage_Handler                        0x080025ed   Thumb Code     4  stm32f10x_it.o(i.MemManage_Handler)
    NMI_Handler                              0x080025f1   Thumb Code     2  stm32f10x_it.o(i.NMI_Handler)
    NVIC_Configuration                       0x080025f3   Thumb Code    12  sys.o(i.NVIC_Configuration)
    NVIC_Init                                0x08002601   Thumb Code   100  misc.o(i.NVIC_Init)
    NVIC_PriorityGroupConfig                 0x08002671   Thumb Code    10  misc.o(i.NVIC_PriorityGroupConfig)
    OLED0561_Init                            0x08002685   Thumb Code    16  oled0561.o(i.OLED0561_Init)
    OLED_DISPLAY_8x16                        0x08002695   Thumb Code   150  oled0561.o(i.OLED_DISPLAY_8x16)
    OLED_DISPLAY_8x16_BUFFER                 0x08002731   Thumb Code    36  oled0561.o(i.OLED_DISPLAY_8x16_BUFFER)
    OLED_DISPLAY_CLEAR                       0x08002755   Thumb Code    68  oled0561.o(i.OLED_DISPLAY_CLEAR)
    OLED_DISPLAY_CLEAR_0                     0x08002799   Thumb Code    68  oled0561.o(i.OLED_DISPLAY_CLEAR_0)
    OLED_DISPLAY_LIT                         0x080027dd   Thumb Code    26  oled0561.o(i.OLED_DISPLAY_LIT)
    OLED_DISPLAY_OFF                         0x080027f9   Thumb Code    22  oled0561.o(i.OLED_DISPLAY_OFF)
    OLED_DISPLAY_ON                          0x08002815   Thumb Code    30  oled0561.o(i.OLED_DISPLAY_ON)
    PendSV_Handler                           0x08002851   Thumb Code     2  stm32f10x_it.o(i.PendSV_Handler)
    RCC_AHBPeriphClockCmd                    0x08002855   Thumb Code    26  stm32f10x_rcc.o(i.RCC_AHBPeriphClockCmd)
    RCC_APB1PeriphClockCmd                   0x08002875   Thumb Code    26  stm32f10x_rcc.o(i.RCC_APB1PeriphClockCmd)
    RCC_APB2PeriphClockCmd                   0x08002895   Thumb Code    26  stm32f10x_rcc.o(i.RCC_APB2PeriphClockCmd)
    RCC_Configuration                        0x080028b5   Thumb Code   100  sys.o(i.RCC_Configuration)
    RCC_DeInit                               0x08002919   Thumb Code    64  stm32f10x_rcc.o(i.RCC_DeInit)
    RCC_GetClocksFreq                        0x08002965   Thumb Code   192  stm32f10x_rcc.o(i.RCC_GetClocksFreq)
    RCC_GetFlagStatus                        0x08002a39   Thumb Code    56  stm32f10x_rcc.o(i.RCC_GetFlagStatus)
    RCC_GetSYSCLKSource                      0x08002a75   Thumb Code    10  stm32f10x_rcc.o(i.RCC_GetSYSCLKSource)
    RCC_HCLKConfig                           0x08002a85   Thumb Code    18  stm32f10x_rcc.o(i.RCC_HCLKConfig)
    RCC_HSEConfig                            0x08002a9d   Thumb Code    70  stm32f10x_rcc.o(i.RCC_HSEConfig)
    RCC_PCLK1Config                          0x08002ae9   Thumb Code    18  stm32f10x_rcc.o(i.RCC_PCLK1Config)
    RCC_PCLK2Config                          0x08002b01   Thumb Code    20  stm32f10x_rcc.o(i.RCC_PCLK2Config)
    RCC_PLLCmd                               0x08002b19   Thumb Code     6  stm32f10x_rcc.o(i.RCC_PLLCmd)
    RCC_PLLConfig                            0x08002b25   Thumb Code    24  stm32f10x_rcc.o(i.RCC_PLLConfig)
    RCC_SYSCLKConfig                         0x08002b41   Thumb Code    18  stm32f10x_rcc.o(i.RCC_SYSCLKConfig)
    RCC_WaitForHSEStartUp                    0x08002b59   Thumb Code    56  stm32f10x_rcc.o(i.RCC_WaitForHSEStartUp)
    SVC_Handler                              0x08002b91   Thumb Code     2  stm32f10x_it.o(i.SVC_Handler)
    SysTick_Handler                          0x08002c7d   Thumb Code     2  stm32f10x_it.o(i.SysTick_Handler)
    SystemInit                               0x08002c81   Thumb Code    78  system_stm32f10x.o(i.SystemInit)
    TIM3_IRQHandler                          0x08002ce1   Thumb Code    34  tim.o(i.TIM3_IRQHandler)
    TIM3_Init                                0x08002d0d   Thumb Code    64  tim.o(i.TIM3_Init)
    TIM3_NVIC_Init                           0x08002d51   Thumb Code    32  tim.o(i.TIM3_NVIC_Init)
    TIM_ClearITPendingBit                    0x08002d71   Thumb Code     6  stm32f10x_tim.o(i.TIM_ClearITPendingBit)
    TIM_Cmd                                  0x08002d77   Thumb Code    24  stm32f10x_tim.o(i.TIM_Cmd)
    TIM_GetITStatus                          0x08002d8f   Thumb Code    34  stm32f10x_tim.o(i.TIM_GetITStatus)
    TIM_ITConfig                             0x08002db1   Thumb Code    18  stm32f10x_tim.o(i.TIM_ITConfig)
    TIM_TimeBaseInit                         0x08002dc5   Thumb Code   122  stm32f10x_tim.o(i.TIM_TimeBaseInit)
    USART1_IRQHandler                        0x08002e69   Thumb Code   132  usart.o(i.USART1_IRQHandler)
    USART3_IRQHandler                        0x08002efd   Thumb Code     2  usart.o(i.USART3_IRQHandler)
    USART_GetITStatus                        0x08002eff   Thumb Code    84  stm32f10x_usart.o(i.USART_GetITStatus)
    USART_ReceiveData                        0x08002f53   Thumb Code    10  stm32f10x_usart.o(i.USART_ReceiveData)
    UsageFault_Handler                       0x08002f5d   Thumb Code     4  stm32f10x_it.o(i.UsageFault_Handler)
    __0printf$2                              0x08002f61   Thumb Code    22  printf2.o(i.__0printf$2)
    __1printf$2                              0x08002f61   Thumb Code     0  printf2.o(i.__0printf$2)
    __2printf                                0x08002f61   Thumb Code     0  printf2.o(i.__0printf$2)
    __scatterload_copy                       0x08002f81   Thumb Code    14  handlers.o(i.__scatterload_copy)
    __scatterload_null                       0x08002f8f   Thumb Code     2  handlers.o(i.__scatterload_null)
    __scatterload_zeroinit                   0x08002f91   Thumb Code    14  handlers.o(i.__scatterload_zeroinit)
    delay_ms                                 0x08003075   Thumb Code    26  delay.o(i.delay_ms)
    delay_us                                 0x0800308f   Thumb Code    46  delay.o(i.delay_us)
    eight_change_sixteen                     0x080030bd   Thumb Code    22  change.o(i.eight_change_sixteen)
    eight_change_ten                         0x080030d5   Thumb Code   280  change.o(i.eight_change_ten)
    eight_change_two                         0x080031f5   Thumb Code    22  change.o(i.eight_change_two)
    fputc                                    0x0800320d   Thumb Code    24  usart.o(i.fputc)
    main                                     0x08003229   Thumb Code   124  main.o(i.main)
    sixteen_change_eight                     0x080032bd   Thumb Code    24  change.o(i.sixteen_change_eight)
    sixteen_change_ten                       0x080032d5   Thumb Code   524  change.o(i.sixteen_change_ten)
    sixteen_change_two                       0x080034e5   Thumb Code    24  change.o(i.sixteen_change_two)
    ten_change_eight                         0x080034fd   Thumb Code   392  change.o(i.ten_change_eight)
    ten_change_sixteen                       0x08003689   Thumb Code   810  change.o(i.ten_change_sixteen)
    ten_change_two                           0x080039b9   Thumb Code   392  change.o(i.ten_change_two)
    two_change_eight                         0x08003b45   Thumb Code    22  change.o(i.two_change_eight)
    two_change_sixteen                       0x08003b5b   Thumb Code    22  change.o(i.two_change_sixteen)
    two_change_ten                           0x08003b71   Thumb Code   258  change.o(i.two_change_ten)
    ASCII_8x16                               0x08003c78   Data        1536  oled0561.o(.constdata)
    GB_16                                    0x08004278   Data         128  oled0561.o(.constdata)
    PIC1                                     0x080042f8   Data        1024  oled0561.o(.constdata)
    Region$$Table$$Base                      0x080046f8   Number         0  anon$$obj.o(Region$$Table)
    Region$$Table$$Limit                     0x08004718   Number         0  anon$$obj.o(Region$$Table)
    __stdout                                 0x20000014   Data           4  usart.o(.data)
    USART1_RX_STA                            0x20000018   Data           2  usart.o(.data)
    USART3_RX_STA                            0x2000001a   Data           2  usart.o(.data)
    ADC_DMA_IN                               0x2000001c   Data           4  adc.o(.data)
    INT_MARK                                 0x20000020   Data           1  nvic.o(.data)
    Display_num                              0x20000021   Data          17  nvic.o(.data)
    i                                        0x20000034   Data           4  nvic.o(.data)
    j                                        0x20000038   Data           4  nvic.o(.data)
    k                                        0x2000003c   Data           4  nvic.o(.data)
    input_0                                  0x20000040   Data           4  nvic.o(.data)
    point                                    0x20000044   Data           1  nvic.o(.data)
    flag                                     0x20000048   Data           4  nvic.o(.data)
    flag_1                                   0x2000004c   Data           1  nvic.o(.data)
    flag_2                                   0x2000004d   Data           1  nvic.o(.data)
    flag_3                                   0x2000004e   Data           1  nvic.o(.data)
    flag_4                                   0x2000004f   Data           1  nvic.o(.data)
    flag_5                                   0x20000050   Data           1  nvic.o(.data)
    p1                                       0x20000054   Data           4  nvic.o(.data)
    output                                   0x20000058   Data           4  nvic.o(.data)
    output_1                                 0x2000005c   Data           4  nvic.o(.data)
    output_2                                 0x20000060   Data           4  nvic.o(.data)
    t                                        0x20000064   Data           4  nvic.o(.data)
    USART1_RX_BUF                            0x20000068   Data         200  usart.o(.bss)
    USART3_RX_BUF                            0x20000130   Data         200  usart.o(.bss)
    input                                    0x200001f8   Data          17  nvic.o(.bss)
    __initial_sp                             0x200006d8   Data           0  startup_stm32f10x_md.o(STACK)



==============================================================================

Memory Map of the image

  Image Entry point : 0x080000ed

  Load Region LR_IROM1 (Base: 0x08000000, Size: 0x00004780, Max: 0x00010000, ABSOLUTE)

    Execution Region ER_IROM1 (Exec base: 0x08000000, Load base: 0x08000000, Size: 0x00004718, Max: 0x00010000, ABSOLUTE)

    Exec Addr    Load Addr    Size         Type   Attr      Idx    E Section Name        Object

    0x08000000   0x08000000   0x000000ec   Data   RO         2187    RESET               startup_stm32f10x_md.o
    0x080000ec   0x080000ec   0x00000000   Code   RO         2807  * .ARM.Collect$$$$00000000  mc_w.l(entry.o)
    0x080000ec   0x080000ec   0x00000004   Code   RO         3101    .ARM.Collect$$$$00000001  mc_w.l(entry2.o)
    0x080000f0   0x080000f0   0x00000004   Code   RO         3104    .ARM.Collect$$$$00000004  mc_w.l(entry5.o)
    0x080000f4   0x080000f4   0x00000000   Code   RO         3106    .ARM.Collect$$$$00000008  mc_w.l(entry7b.o)
    0x080000f4   0x080000f4   0x00000000   Code   RO         3108    .ARM.Collect$$$$0000000A  mc_w.l(entry8b.o)
    0x080000f4   0x080000f4   0x00000008   Code   RO         3109    .ARM.Collect$$$$0000000B  mc_w.l(entry9a.o)
    0x080000fc   0x080000fc   0x00000000   Code   RO         3111    .ARM.Collect$$$$0000000D  mc_w.l(entry10a.o)
    0x080000fc   0x080000fc   0x00000000   Code   RO         3113    .ARM.Collect$$$$0000000F  mc_w.l(entry11a.o)
    0x080000fc   0x080000fc   0x00000004   Code   RO         3102    .ARM.Collect$$$$00002712  mc_w.l(entry2.o)
    0x08000100   0x08000100   0x00000024   Code   RO         2188    .text               startup_stm32f10x_md.o
    0x08000124   0x08000124   0x00000024   Code   RO         2810    .text               mc_w.l(memcpya.o)
    0x08000148   0x08000148   0x000000b0   Code   RO         3077    .text               mf_w.l(fadd.o)
    0x080001f8   0x080001f8   0x00000064   Code   RO         3079    .text               mf_w.l(fmul.o)
    0x0800025c   0x0800025c   0x0000007c   Code   RO         3081    .text               mf_w.l(fdiv.o)
    0x080002d8   0x080002d8   0x000000e4   Code   RO         3083    .text               mf_w.l(dmul.o)
    0x080003bc   0x080003bc   0x00000012   Code   RO         3085    .text               mf_w.l(fflti.o)
    0x080003ce   0x080003ce   0x0000000a   Code   RO         3087    .text               mf_w.l(ffltui.o)
    0x080003d8   0x080003d8   0x00000032   Code   RO         3089    .text               mf_w.l(ffixi.o)
    0x0800040a   0x0800040a   0x00000028   Code   RO         3091    .text               mf_w.l(ffixui.o)
    0x08000432   0x08000432   0x00000026   Code   RO         3093    .text               mf_w.l(f2d.o)
    0x08000458   0x08000458   0x00000038   Code   RO         3095    .text               mf_w.l(d2f.o)
    0x08000490   0x08000490   0x00000014   Code   RO         3097    .text               mf_w.l(cfcmple.o)
    0x080004a4   0x080004a4   0x00000014   Code   RO         3099    .text               mf_w.l(cfrcmple.o)
    0x080004b8   0x080004b8   0x00000000   Code   RO         3119    .text               mc_w.l(iusefp.o)
    0x080004b8   0x080004b8   0x0000006e   Code   RO         3120    .text               mf_w.l(fepilogue.o)
    0x08000526   0x08000526   0x000000ba   Code   RO         3122    .text               mf_w.l(depilogue.o)
    0x080005e0   0x080005e0   0x00000024   Code   RO         3132    .text               mc_w.l(init.o)
    0x08000604   0x08000604   0x0000001e   Code   RO         3134    .text               mc_w.l(llshl.o)
    0x08000622   0x08000622   0x00000020   Code   RO         3136    .text               mc_w.l(llushr.o)
    0x08000642   0x08000642   0x00000016   Code   RO         1295    i.ADC_Cmd           stm32f10x_adc.o
    0x08000658   0x08000658   0x00000090   Code   RO         2466    i.ADC_Configuration  adc.o
    0x080006e8   0x080006e8   0x00000016   Code   RO         1296    i.ADC_DMACmd        stm32f10x_adc.o
    0x080006fe   0x080006fe   0x00000002   PAD
    0x08000700   0x08000700   0x00000058   Code   RO         2467    i.ADC_DMA_Init      adc.o
    0x08000758   0x08000758   0x00000034   Code   RO         2468    i.ADC_GPIO_Init     adc.o
    0x0800078c   0x0800078c   0x00000014   Code   RO         1303    i.ADC_GetCalibrationStatus  stm32f10x_adc.o
    0x080007a0   0x080007a0   0x00000014   Code   RO         1309    i.ADC_GetResetCalibrationStatus  stm32f10x_adc.o
    0x080007b4   0x080007b4   0x00000050   Code   RO         1313    i.ADC_Init          stm32f10x_adc.o
    0x08000804   0x08000804   0x000000b8   Code   RO         1317    i.ADC_RegularChannelConfig  stm32f10x_adc.o
    0x080008bc   0x080008bc   0x0000000a   Code   RO         1318    i.ADC_ResetCalibration  stm32f10x_adc.o
    0x080008c6   0x080008c6   0x00000016   Code   RO         1320    i.ADC_SoftwareStartConvCmd  stm32f10x_adc.o
    0x080008dc   0x080008dc   0x0000000a   Code   RO         1322    i.ADC_StartCalibration  stm32f10x_adc.o
    0x080008e6   0x080008e6   0x00000004   Code   RO         2235    i.BusFault_Handler  stm32f10x_it.o
    0x080008ea   0x080008ea   0x00000018   Code   RO         1513    i.DMA_Cmd           stm32f10x_dma.o
    0x08000902   0x08000902   0x00000002   PAD
    0x08000904   0x08000904   0x0000014c   Code   RO         1514    i.DMA_DeInit        stm32f10x_dma.o
    0x08000a50   0x08000a50   0x0000003c   Code   RO         1519    i.DMA_Init          stm32f10x_dma.o
    0x08000a8c   0x08000a8c   0x00000002   Code   RO         2236    i.DebugMon_Handler  stm32f10x_it.o
    0x08000a8e   0x08000a8e   0x00000002   PAD
    0x08000a90   0x08000a90   0x0000013c   Code   RO         2524    i.EXTI0_IRQHandler  nvic.o
    0x08000bcc   0x08000bcc   0x0000108e   Code   RO         2525    i.EXTI1_IRQHandler  nvic.o
    0x08001c5a   0x08001c5a   0x00000002   PAD
    0x08001c5c   0x08001c5c   0x000000dc   Code   RO         2526    i.EXTI2_IRQHandler  nvic.o
    0x08001d38   0x08001d38   0x0000013c   Code   RO         2527    i.EXTI3_IRQHandler  nvic.o
    0x08001e74   0x08001e74   0x0000000c   Code   RO         2132    i.EXTI_ClearITPendingBit  stm32f10x_exti.o
    0x08001e80   0x08001e80   0x00000028   Code   RO         2136    i.EXTI_GetITStatus  stm32f10x_exti.o
    0x08001ea8   0x08001ea8   0x00000094   Code   RO         2137    i.EXTI_Init         stm32f10x_exti.o
    0x08001f3c   0x08001f3c   0x0000001c   Code   RO          928    i.FLASH_PrefetchBufferCmd  stm32f10x_flash.o
    0x08001f58   0x08001f58   0x00000018   Code   RO          933    i.FLASH_SetLatency  stm32f10x_flash.o
    0x08001f70   0x08001f70   0x00000040   Code   RO          192    i.GPIO_EXTILineConfig  stm32f10x_gpio.o
    0x08001fb0   0x08001fb0   0x00000116   Code   RO          195    i.GPIO_Init         stm32f10x_gpio.o
    0x080020c6   0x080020c6   0x0000000a   Code   RO          206    i.GPIO_WriteBit     stm32f10x_gpio.o
    0x080020d0   0x080020d0   0x00000004   Code   RO         2237    i.HardFault_Handler  stm32f10x_it.o
    0x080020d4   0x080020d4   0x0000002a   Code   RO         1088    i.I2C_CheckEvent    stm32f10x_i2c.o
    0x080020fe   0x080020fe   0x00000018   Code   RO         1091    i.I2C_Cmd           stm32f10x_i2c.o
    0x08002116   0x08002116   0x00000002   PAD
    0x08002118   0x08002118   0x00000048   Code   RO         2421    i.I2C_Configuration  i2c.o
    0x08002160   0x08002160   0x00000034   Code   RO         2422    i.I2C_GPIO_Init     i2c.o
    0x08002194   0x08002194   0x00000018   Code   RO         1098    i.I2C_GenerateSTART  stm32f10x_i2c.o
    0x080021ac   0x080021ac   0x00000018   Code   RO         1099    i.I2C_GenerateSTOP  stm32f10x_i2c.o
    0x080021c4   0x080021c4   0x000000ec   Code   RO         1105    i.I2C_Init          stm32f10x_i2c.o
    0x080022b0   0x080022b0   0x00000090   Code   RO         2425    i.I2C_SAND_BUFFER   i2c.o
    0x08002340   0x08002340   0x0000007c   Code   RO         2426    i.I2C_SAND_BYTE     i2c.o
    0x080023bc   0x080023bc   0x00000012   Code   RO         1112    i.I2C_Send7bitAddress  stm32f10x_i2c.o
    0x080023ce   0x080023ce   0x00000004   Code   RO         1113    i.I2C_SendData      stm32f10x_i2c.o
    0x080023d2   0x080023d2   0x00000002   PAD
    0x080023d4   0x080023d4   0x00000024   Code   RO         2686    i.JoyStick_Init     joystick.o
    0x080023f8   0x080023f8   0x000000a8   Code   RO         2528    i.JoyStick_up_down  nvic.o
    0x080024a0   0x080024a0   0x0000011e   Code   RO         2529    i.KEYPAD4x4_INT_INIT  nvic.o
    0x080025be   0x080025be   0x00000002   PAD
    0x080025c0   0x080025c0   0x0000002c   Code   RO         2577    i.LED_Init          led.o
    0x080025ec   0x080025ec   0x00000004   Code   RO         2238    i.MemManage_Handler  stm32f10x_it.o
    0x080025f0   0x080025f0   0x00000002   Code   RO         2239    i.NMI_Handler       stm32f10x_it.o
    0x080025f2   0x080025f2   0x0000000c   Code   RO         2325    i.NVIC_Configuration  sys.o
    0x080025fe   0x080025fe   0x00000002   PAD
    0x08002600   0x08002600   0x00000070   Code   RO          130    i.NVIC_Init         misc.o
    0x08002670   0x08002670   0x00000014   Code   RO          131    i.NVIC_PriorityGroupConfig  misc.o
    0x08002684   0x08002684   0x00000010   Code   RO         2607    i.OLED0561_Init     oled0561.o
    0x08002694   0x08002694   0x0000009c   Code   RO         2609    i.OLED_DISPLAY_8x16  oled0561.o
    0x08002730   0x08002730   0x00000024   Code   RO         2610    i.OLED_DISPLAY_8x16_BUFFER  oled0561.o
    0x08002754   0x08002754   0x00000044   Code   RO         2611    i.OLED_DISPLAY_CLEAR  oled0561.o
    0x08002798   0x08002798   0x00000044   Code   RO         2612    i.OLED_DISPLAY_CLEAR_0  oled0561.o
    0x080027dc   0x080027dc   0x0000001a   Code   RO         2613    i.OLED_DISPLAY_LIT  oled0561.o
    0x080027f6   0x080027f6   0x00000002   PAD
    0x080027f8   0x080027f8   0x0000001c   Code   RO         2614    i.OLED_DISPLAY_OFF  oled0561.o
    0x08002814   0x08002814   0x0000003c   Code   RO         2615    i.OLED_DISPLAY_ON   oled0561.o
    0x08002850   0x08002850   0x00000002   Code   RO         2240    i.PendSV_Handler    stm32f10x_it.o
    0x08002852   0x08002852   0x00000002   PAD
    0x08002854   0x08002854   0x00000020   Code   RO          304    i.RCC_AHBPeriphClockCmd  stm32f10x_rcc.o
    0x08002874   0x08002874   0x00000020   Code   RO          305    i.RCC_APB1PeriphClockCmd  stm32f10x_rcc.o
    0x08002894   0x08002894   0x00000020   Code   RO          307    i.RCC_APB2PeriphClockCmd  stm32f10x_rcc.o
    0x080028b4   0x080028b4   0x00000064   Code   RO         2326    i.RCC_Configuration  sys.o
    0x08002918   0x08002918   0x0000004c   Code   RO          314    i.RCC_DeInit        stm32f10x_rcc.o
    0x08002964   0x08002964   0x000000d4   Code   RO          315    i.RCC_GetClocksFreq  stm32f10x_rcc.o
    0x08002a38   0x08002a38   0x0000003c   Code   RO          316    i.RCC_GetFlagStatus  stm32f10x_rcc.o
    0x08002a74   0x08002a74   0x00000010   Code   RO          318    i.RCC_GetSYSCLKSource  stm32f10x_rcc.o
    0x08002a84   0x08002a84   0x00000018   Code   RO          319    i.RCC_HCLKConfig    stm32f10x_rcc.o
    0x08002a9c   0x08002a9c   0x0000004c   Code   RO          320    i.RCC_HSEConfig     stm32f10x_rcc.o
    0x08002ae8   0x08002ae8   0x00000018   Code   RO          326    i.RCC_PCLK1Config   stm32f10x_rcc.o
    0x08002b00   0x08002b00   0x00000018   Code   RO          327    i.RCC_PCLK2Config   stm32f10x_rcc.o
    0x08002b18   0x08002b18   0x0000000c   Code   RO          328    i.RCC_PLLCmd        stm32f10x_rcc.o
    0x08002b24   0x08002b24   0x0000001c   Code   RO          329    i.RCC_PLLConfig     stm32f10x_rcc.o
    0x08002b40   0x08002b40   0x00000018   Code   RO          332    i.RCC_SYSCLKConfig  stm32f10x_rcc.o
    0x08002b58   0x08002b58   0x00000038   Code   RO          334    i.RCC_WaitForHSEStartUp  stm32f10x_rcc.o
    0x08002b90   0x08002b90   0x00000002   Code   RO         2241    i.SVC_Handler       stm32f10x_it.o
    0x08002b92   0x08002b92   0x00000008   Code   RO           17    i.SetSysClock       system_stm32f10x.o
    0x08002b9a   0x08002b9a   0x00000002   PAD
    0x08002b9c   0x08002b9c   0x000000e0   Code   RO           18    i.SetSysClockTo72   system_stm32f10x.o
    0x08002c7c   0x08002c7c   0x00000002   Code   RO         2242    i.SysTick_Handler   stm32f10x_it.o
    0x08002c7e   0x08002c7e   0x00000002   PAD
    0x08002c80   0x08002c80   0x00000060   Code   RO           20    i.SystemInit        system_stm32f10x.o
    0x08002ce0   0x08002ce0   0x0000002c   Code   RO         2496    i.TIM3_IRQHandler   tim.o
    0x08002d0c   0x08002d0c   0x00000044   Code   RO         2497    i.TIM3_Init         tim.o
    0x08002d50   0x08002d50   0x00000020   Code   RO         2498    i.TIM3_NVIC_Init    tim.o
    0x08002d70   0x08002d70   0x00000006   Code   RO         1594    i.TIM_ClearITPendingBit  stm32f10x_tim.o
    0x08002d76   0x08002d76   0x00000018   Code   RO         1599    i.TIM_Cmd           stm32f10x_tim.o
    0x08002d8e   0x08002d8e   0x00000022   Code   RO         1620    i.TIM_GetITStatus   stm32f10x_tim.o
    0x08002db0   0x08002db0   0x00000012   Code   RO         1624    i.TIM_ITConfig      stm32f10x_tim.o
    0x08002dc2   0x08002dc2   0x00000002   PAD
    0x08002dc4   0x08002dc4   0x000000a4   Code   RO         1670    i.TIM_TimeBaseInit  stm32f10x_tim.o
    0x08002e68   0x08002e68   0x00000094   Code   RO         2346    i.USART1_IRQHandler  usart.o
    0x08002efc   0x08002efc   0x00000002   Code   RO         2349    i.USART3_IRQHandler  usart.o
    0x08002efe   0x08002efe   0x00000054   Code   RO          511    i.USART_GetITStatus  stm32f10x_usart.o
    0x08002f52   0x08002f52   0x0000000a   Code   RO          521    i.USART_ReceiveData  stm32f10x_usart.o
    0x08002f5c   0x08002f5c   0x00000004   Code   RO         2243    i.UsageFault_Handler  stm32f10x_it.o
    0x08002f60   0x08002f60   0x00000020   Code   RO         2883    i.__0printf$2       mc_w.l(printf2.o)
    0x08002f80   0x08002f80   0x0000000e   Code   RO         3142    i.__scatterload_copy  mc_w.l(handlers.o)
    0x08002f8e   0x08002f8e   0x00000002   Code   RO         3143    i.__scatterload_null  mc_w.l(handlers.o)
    0x08002f90   0x08002f90   0x0000000e   Code   RO         3144    i.__scatterload_zeroinit  mc_w.l(handlers.o)
    0x08002f9e   0x08002f9e   0x000000d6   Code   RO         2890    i._printf_core      mc_w.l(printf2.o)
    0x08003074   0x08003074   0x0000001a   Code   RO         2298    i.delay_ms          delay.o
    0x0800308e   0x0800308e   0x0000002e   Code   RO         2300    i.delay_us          delay.o
    0x080030bc   0x080030bc   0x00000016   Code   RO         2725    i.eight_change_sixteen  change.o
    0x080030d2   0x080030d2   0x00000002   PAD
    0x080030d4   0x080030d4   0x00000120   Code   RO         2726    i.eight_change_ten  change.o
    0x080031f4   0x080031f4   0x00000016   Code   RO         2727    i.eight_change_two  change.o
    0x0800320a   0x0800320a   0x00000002   PAD
    0x0800320c   0x0800320c   0x0000001c   Code   RO         2353    i.fputc             usart.o
    0x08003228   0x08003228   0x00000094   Code   RO         2192    i.main              main.o
    0x080032bc   0x080032bc   0x00000018   Code   RO         2728    i.sixteen_change_eight  change.o
    0x080032d4   0x080032d4   0x00000210   Code   RO         2729    i.sixteen_change_ten  change.o
    0x080034e4   0x080034e4   0x00000018   Code   RO         2730    i.sixteen_change_two  change.o
    0x080034fc   0x080034fc   0x0000018c   Code   RO         2731    i.ten_change_eight  change.o
    0x08003688   0x08003688   0x00000330   Code   RO         2732    i.ten_change_sixteen  change.o
    0x080039b8   0x080039b8   0x0000018c   Code   RO         2733    i.ten_change_two    change.o
    0x08003b44   0x08003b44   0x00000016   Code   RO         2734    i.two_change_eight  change.o
    0x08003b5a   0x08003b5a   0x00000016   Code   RO         2735    i.two_change_sixteen  change.o
    0x08003b70   0x08003b70   0x00000108   Code   RO         2736    i.two_change_ten    change.o
    0x08003c78   0x08003c78   0x00000a80   Data   RO         2617    .constdata          oled0561.o
    0x080046f8   0x080046f8   0x00000020   Data   RO         3140    Region$$Table       anon$$obj.o


    Execution Region RW_IRAM1 (Exec base: 0x20000000, Load base: 0x08004718, Size: 0x000006d8, Max: 0x00005000, ABSOLUTE)

    Exec Addr    Load Addr    Size         Type   Attr      Idx    E Section Name        Object

    0x20000000   0x08004718   0x00000014   Data   RW          335    .data               stm32f10x_rcc.o
    0x20000014   0x0800472c   0x00000008   Data   RW         2355    .data               usart.o
    0x2000001c   0x08004734   0x00000004   Data   RW         2469    .data               adc.o
    0x20000020   0x08004738   0x00000048   Data   RW         2531    .data               nvic.o
    0x20000068        -       0x00000190   Zero   RW         2354    .bss                usart.o
    0x200001f8        -       0x00000011   Zero   RW         2530    .bss                nvic.o
    0x20000209   0x08004780   0x00000003   PAD
    0x2000020c        -       0x000000cc   Zero   RW         2737    .bss                change.o
    0x200002d8        -       0x00000400   Zero   RW         2185    STACK               startup_stm32f10x_md.o


==============================================================================

Image component sizes


      Code (inc. data)   RO Data    RW Data    ZI Data      Debug   Object Name

       284         24          0          4          0       1984   adc.o
      2824         74          0          0        204       9380   change.o
         0          0          0          0          0       4556   core_cm3.o
        72          0          0          0          0        906   delay.o
       392         40          0          0          0       2490   i2c.o
        36          4          0          0          0        476   joystick.o
        44          4          0          0          0        455   led.o
       148         24          0          0          0        467   main.o
       132         22          0          0          0     215771   misc.o
      5544        254          0         72         17       6291   nvic.o
       458         42       2688          0          0       5555   oled0561.o
        36          8        236          0       1024        764   startup_stm32f10x_md.o
       390         10          0          0          0       6813   stm32f10x_adc.o
       416          8          0          0          0       3170   stm32f10x_dma.o
       200         18          0          0          0       1864   stm32f10x_exti.o
        52         12          0          0          0        985   stm32f10x_flash.o
       352          4          0          0          0       2914   stm32f10x_gpio.o
       372         14          0          0          0       5422   stm32f10x_i2c.o
        26          0          0          0          0       3550   stm32f10x_it.o
       728         98          0         20          0      10126   stm32f10x_rcc.o
       246         42          0          0          0       3186   stm32f10x_tim.o
        94          0          0          0          0       2548   stm32f10x_usart.o
       112          0          0          0          0        949   sys.o
       328         28          0          0          0      62737   system_stm32f10x.o
       144         14          0          0          0       1447   tim.o
       178         20          0          8        400       3938   usart.o

    ----------------------------------------------------------------------
     13638        764       2956        104       1648     358744   Object Totals
         0          0         32          0          0          0   (incl. Generated)
        30          0          0          0          3          0   (incl. Padding)

    ----------------------------------------------------------------------

      Code (inc. data)   RO Data    RW Data    ZI Data      Debug   Library Member Name

         0          0          0          0          0          0   entry.o
         0          0          0          0          0          0   entry10a.o
         0          0          0          0          0          0   entry11a.o
         8          4          0          0          0          0   entry2.o
         4          0          0          0          0          0   entry5.o
         0          0          0          0          0          0   entry7b.o
         0          0          0          0          0          0   entry8b.o
         8          4          0          0          0          0   entry9a.o
        30          0          0          0          0          0   handlers.o
        36          8          0          0          0         68   init.o
         0          0          0          0          0          0   iusefp.o
        30          0          0          0          0         68   llshl.o
        32          0          0          0          0         68   llushr.o
        36          0          0          0          0         68   memcpya.o
       246         10          0          0          0        176   printf2.o
        20          0          0          0          0         68   cfcmple.o
        20          0          0          0          0         68   cfrcmple.o
        56          0          0          0          0         88   d2f.o
       186          0          0          0          0        176   depilogue.o
       228          0          0          0          0         96   dmul.o
        38          0          0          0          0         68   f2d.o
       176          0          0          0          0        140   fadd.o
       124          0          0          0          0         88   fdiv.o
       110          0          0          0          0        168   fepilogue.o
        50          0          0          0          0         68   ffixi.o
        40          0          0          0          0         68   ffixui.o
        18          0          0          0          0         68   fflti.o
        10          0          0          0          0         68   ffltui.o
       100          0          0          0          0         76   fmul.o

    ----------------------------------------------------------------------
      1606         26          0          0          0       1756   Library Totals
         0          0          0          0          0          0   (incl. Padding)

    ----------------------------------------------------------------------

      Code (inc. data)   RO Data    RW Data    ZI Data      Debug   Library Name

       430         26          0          0          0        448   mc_w.l
      1176          0          0          0          0       1308   mf_w.l

    ----------------------------------------------------------------------
      1606         26          0          0          0       1756   Library Totals

    ----------------------------------------------------------------------

==============================================================================


      Code (inc. data)   RO Data    RW Data    ZI Data      Debug   

     15244        790       2956        104       1648     354308   Grand Totals
     15244        790       2956        104       1648     354308   ELF Image Totals
     15244        790       2956        104          0          0   ROM Totals

==============================================================================

    Total RO  Size (Code + RO Data)                18200 (  17.77kB)
    Total RW  Size (RW Data + ZI Data)              1752 (   1.71kB)
    Total ROM Size (Code + RO Data + RW Data)      18304 (  17.88kB)

==============================================================================

